::1 - - [21/Aug/2026 22:32:30] "GET /index.html HTTP/1.1" 200 -
::1 - - [21/Aug/2026 22:32:40] "GET /index.html HTTP/1.1" 200 -
::1 - - [21/Aug/2026 22:33:03] "GET /index.html HTTP/1.1" 200 -
::1 - - [21/Aug/2026 22:33:03] "GET /css/tokens.css?v=20260821 HTTP/1.1" 200 -
::1 - - [21/Aug/2026 22:33:03] "GET /css/main.css?v=20260821 HTTP/1.1" 200 -
::1 - - [21/Aug/2026 22:33:03] "GET /js/api.js?v=20260806 HTTP/1.1" 200 -
::1 - - [21/Aug/2026 22:33:03] "GET /js/pages/knowledge-bases.js?v=20260806 HTTP/1.1" 200 -
::1 - - [21/Aug/2026 22:33:03] "GET /js/pages/pipeline.js?v=20260806 HTTP/1.1" 200 -
::1 - - [21/Aug/2026 22:33:03] "GET /js/pages/search.js?v=20260806 HTTP/1.1" 200 -
::1 - - [21/Aug/2026 22:33:03] "GET /js/pages/documents.js?v=20260806 HTTP/1.1" 200 -
::1 - - [21/Aug/2026 22:33:03] "GET /js/pages/agent.js?v=20260806 HTTP/1.1" 200 -
::1 - - [21/Aug/2026 22:33:03] "GET /js/pages/settings.js?v=20260806 HTTP/1.1" 200 -
::1 - - [21/Aug/2026 22:33:03] "GET /js/pages/faq.js?v=20260820 HTTP/1.1" 200 -
::1 - - [21/Aug/2026 22:33:03] "GET /js/pages/audit.js?v=20260821 HTTP/1.1" 200 -
::1 - - [21/Aug/2026 22:33:03] "GET /js/app.js?v=20260806 HTTP/1.1" 200 -
::1 - - [21/Aug/2026 22:34:10] "GET /index.html HTTP/1.1" 200 -
::1 - - [21/Aug/2026 22:34:10] "GET /css/tokens.css?v=20260821 HTTP/1.1" 200 -
::1 - - [21/Aug/2026 22:34:10] "GET /css/main.css?v=20260821 HTTP/1.1" 200 -
::1 - - [21/Aug/2026 22:34:10] "GET /js/api.js?v=20260806 HTTP/1.1" 200 -
::1 - - [21/Aug/2026 22:34:10] "GET /js/pages/documents.js?v=20260806 HTTP/1.1" 200 -
::1 - - [21/Aug/2026 22:34:10] "GET /js/pages/knowledge-bases.js?v=20260806 HTTP/1.1" 200 -
::1 - - [21/Aug/2026 22:34:10] "GET /js/pages/pipeline.js?v=20260806 HTTP/1.1" 200 -
::1 - - [21/Aug/2026 22:34:10] "GET /js/pages/search.js?v=20260806 HTTP/1.1" 200 -
::1 - - [21/Aug/2026 22:34:10] "GET /js/pages/agent.js?v=20260806 HTTP/1.1" 200 -
::1 - - [21/Aug/2026 22:34:10] "GET /js/pages/faq.js?v=20260820 HTTP/1.1" 200 -
::1 - - [21/Aug/2026 22:34:10] "GET /js/pages/settings.js?v=20260806 HTTP/1.1" 200 -
::1 - - [21/Aug/2026 22:34:10] "GET /js/pages/audit.js?v=20260821 HTTP/1.1" 200 -
::1 - - [21/Aug/2026 22:34:10] "GET /js/app.js?v=20260806 HTTP/1.1" 200 -
::1 - - [21/Aug/2026 22:36:04] "GET /index.html HTTP/1.1" 200 -
::1 - - [21/Aug/2026 22:36:05] "GET /css/tokens.css?v=20260821 HTTP/1.1" 200 -
::1 - - [21/Aug/2026 22:36:05] "GET /css/main.css?v=20260821 HTTP/1.1" 200 -
::1 - - [21/Aug/2026 22:36:05] "GET /js/api.js?v=20260806 HTTP/1.1" 200 -
::1 - - [21/Aug/2026 22:36:05] "GET /js/pages/documents.js?v=20260806 HTTP/1.1" 200 -
::1 - - [21/Aug/2026 22:36:05] "GET /js/pages/pipeline.js?v=20260806 HTTP/1.1" 200 -
::1 - - [21/Aug/2026 22:36:05] "GET /js/pages/knowledge-bases.js?v=20260806 HTTP/1.1" 200 -
::1 - - [21/Aug/2026 22:36:05] "GET /js/pages/agent.js?v=20260806 HTTP/1.1" 200 -
::1 - - [21/Aug/2026 22:36:05] "GET /js/pages/search.js?v=20260806 HTTP/1.1" 200 -
::1 - - [21/Aug/2026 22:36:05] "GET /js/pages/settings.js?v=20260806 HTTP/1.1" 200 -
::1 - - [21/Aug/2026 22:36:05] "GET /js/pages/faq.js?v=20260820 HTTP/1.1" 200 -
::1 - - [21/Aug/2026 22:36:05] "GET /js/pages/audit.js?v=20260821 HTTP/1.1" 200 -
::1 - - [21/Aug/2026 22:36:05] "GET /js/app.js?v=20260806 HTTP/1.1" 200 -
::1 - - [21/Aug/2026 22:36:29] "GET /index.html HTTP/1.1" 200 -
::1 - - [21/Aug/2026 22:36:29] "GET /css/tokens.css?v=20260821 HTTP/1.1" 200 -
::1 - - [21/Aug/2026 22:36:29] "GET /css/main.css?v=20260821 HTTP/1.1" 200 -
::1 - - [21/Aug/2026 22:36:29] "GET /js/api.js?v=20260806 HTTP/1.1" 200 -
::1 - - [21/Aug/2026 22:36:29] "GET /js/pages/knowledge-bases.js?v=20260806 HTTP/1.1" 200 -
::1 - - [21/Aug/2026 22:36:29] "GET /js/pages/search.js?v=20260806 HTTP/1.1" 200 -
::1 - - [21/Aug/2026 22:36:29] "GET /js/pages/agent.js?v=20260806 HTTP/1.1" 200 -
::1 - - [21/Aug/2026 22:36:29] "GET /js/pages/documents.js?v=20260806 HTTP/1.1" 200 -
::1 - - [21/Aug/2026 22:36:29] "GET /js/pages/pipeline.js?v=20260806 HTTP/1.1" 200 -
::1 - - [21/Aug/2026 22:36:29] "GET /js/pages/faq.js?v=20260820 HTTP/1.1" 200 -
::1 - - [21/Aug/2026 22:36:29] "GET /js/pages/settings.js?v=20260806 HTTP/1.1" 200 -
::1 - - [21/Aug/2026 22:36:29] "GET /js/pages/audit.js?v=20260821 HTTP/1.1" 200 -
::1 - - [21/Aug/2026 22:36:29] "GET /js/app.js?v=20260806 HTTP/1.1" 200 -
::1 - - [21/Aug/2026 22:36:55] "GET /index.html HTTP/1.1" 200 -
::1 - - [21/Aug/2026 22:36:55] "GET /css/tokens.css?v=20260821 HTTP/1.1" 200 -
::1 - - [21/Aug/2026 22:36:55] "GET /css/main.css?v=20260821 HTTP/1.1" 200 -
::1 - - [21/Aug/2026 22:36:55] "GET /js/pages/documents.js?v=20260806 HTTP/1.1" 200 -
::1 - - [21/Aug/2026 22:36:55] "GET /js/api.js?v=20260806 HTTP/1.1" 200 -
::1 - - [21/Aug/2026 22:36:55] "GET /js/pages/pipeline.js?v=20260806 HTTP/1.1" 200 -
::1 - - [21/Aug/2026 22:36:55] "GET /js/pages/search.js?v=20260806 HTTP/1.1" 200 -
::1 - - [21/Aug/2026 22:36:55] "GET /js/pages/knowledge-bases.js?v=20260806 HTTP/1.1" 200 -
::1 - - [21/Aug/2026 22:36:55] "GET /js/pages/agent.js?v=20260806 HTTP/1.1" 200 -
::1 - - [21/Aug/2026 22:36:55] "GET /js/pages/audit.js?v=20260821 HTTP/1.1" 200 -
::1 - - [21/Aug/2026 22:36:55] "GET /js/pages/settings.js?v=20260806 HTTP/1.1" 200 -
::1 - - [21/Aug/2026 22:36:55] "GET /js/app.js?v=20260806 HTTP/1.1" 200 -
::1 - - [21/Aug/2026 22:36:55] "GET /js/pages/faq.js?v=20260820 HTTP/1.1" 200 -
::1 - - [21/Aug/2026 22:37:31] "GET /index.html HTTP/1.1" 200 -
::1 - - [21/Aug/2026 22:37:31] "GET /css/tokens.css?v=20260821 HTTP/1.1" 200 -
::1 - - [21/Aug/2026 22:37:31] "GET /css/main.css?v=20260821 HTTP/1.1" 200 -
::1 - - [21/Aug/2026 22:37:31] "GET /js/pages/search.js?v=20260806 HTTP/1.1" 200 -
::1 - - [21/Aug/2026 22:37:31] "GET /js/pages/pipeline.js?v=20260806 HTTP/1.1" 200 -
::1 - - [21/Aug/2026 22:37:31] "GET /js/api.js?v=20260806 HTTP/1.1" 200 -
::1 - - [21/Aug/2026 22:37:31] "GET /js/pages/documents.js?v=20260806 HTTP/1.1" 200 -
::1 - - [21/Aug/2026 22:37:31] "GET /js/pages/knowledge-bases.js?v=20260806 HTTP/1.1" 200 -
::1 - - [21/Aug/2026 22:37:31] "GET /js/pages/agent.js?v=20260806 HTTP/1.1" 200 -
::1 - - [21/Aug/2026 22:37:31] "GET /js/pages/faq.js?v=20260820 HTTP/1.1" 200 -
::1 - - [21/Aug/2026 22:37:31] "GET /js/pages/audit.js?v=20260821 HTTP/1.1" 200 -
::1 - - [21/Aug/2026 22:37:31] "GET /js/pages/settings.js?v=20260806 HTTP/1.1" 200 -
::1 - - [21/Aug/2026 22:37:31] "GET /js/app.js?v=20260806 HTTP/1.1" 200 -
::1 - - [21/Aug/2026 22:38:05] "GET / HTTP/1.1" 200 -
::1 - - [21/Aug/2026 22:38:05] "GET /css/tokens.css?v=20260821 HTTP/1.1" 200 -
::1 - - [21/Aug/2026 22:38:05] "GET /css/main.css?v=20260821 HTTP/1.1" 200 -
::1 - - [21/Aug/2026 22:38:05] "GET /js/api.js?v=20260806 HTTP/1.1" 200 -
::1 - - [21/Aug/2026 22:38:05] "GET /js/pages/documents.js?v=20260806 HTTP/1.1" 200 -
::1 - - [21/Aug/2026 22:38:05] "GET /js/pages/pipeline.js?v=20260806 HTTP/1.1" 200 -
::1 - - [21/Aug/2026 22:38:05] "GET /js/pages/knowledge-bases.js?v=20260806 HTTP/1.1" 200 -
::1 - - [21/Aug/2026 22:38:05] "GET /js/pages/search.js?v=20260806 HTTP/1.1" 200 -
::1 - - [21/Aug/2026 22:38:05] "GET /js/pages/agent.js?v=20260806 HTTP/1.1" 200 -
::1 - - [21/Aug/2026 22:38:05] "GET /js/pages/faq.js?v=20260820 HTTP/1.1" 200 -
::1 - - [21/Aug/2026 22:38:05] "GET /js/pages/settings.js?v=20260806 HTTP/1.1" 200 -
::1 - - [21/Aug/2026 22:38:05] "GET /js/pages/audit.js?v=20260821 HTTP/1.1" 200 -
::1 - - [21/Aug/2026 22:38:05] "GET /js/app.js?v=20260806 HTTP/1.1" 200 -
::1 - - [21/Aug/2026 22:38:18] "GET / HTTP/1.1" 304 -
