import time: self [us] | cumulative | imported package
import time:       313 |        313 | winreg
import time:       461 |        461 |   _io
import time:        76 |         76 |   marshal
import time:       510 |        510 |   nt
import time:      1548 |       2593 | _frozen_importlib_external
import time:      1465 |       1465 |   time
import time:       556 |       2020 | zipimport
import time:        91 |         91 |     _codecs
import time:       960 |       1051 |   codecs
import time:      2414 |       2414 |   encodings.aliases
import time:      2983 |       6448 | encodings
import time:      1300 |       1300 | encodings.utf_8
import time:        97 |         97 |   _codecs_cn
import time:        93 |         93 |   _multibytecodec
import time:      1510 |       1699 | encodings.gbk
import time:       124 |        124 | _signal
import time:        71 |         71 |     _abc
import time:       313 |        384 |   abc
import time:       297 |        680 | io
import time:       134 |        134 |       _stat
import time:       213 |        346 |     stat
import time:      2151 |       2151 |     _collections_abc
import time:       202 |        202 |       genericpath
import time:       243 |        243 |       _winapi
import time:       639 |       1082 |     ntpath
import time:      1671 |       5249 |   os
import time:       201 |        201 |   _sitebuiltins
import time:       114 |        114 |   errno
import time:      1717 |       1717 |   encodings.utf_8_sig
import time:      3523 |       3523 |   _virtualenv
import time:      2127 |       2127 |   _distutils_hack
import time:       507 |        507 |   sitecustomize
import time:      7930 |      21364 | site
import time:      2311 |       2311 | linecache
import time:       304 |        304 |           itertools
import time:      1381 |       1381 |           keyword
import time:       196 |        196 |             _operator
import time:      1909 |       2105 |           operator
import time:      4108 |       4108 |           reprlib
import time:       186 |        186 |           _collections
import time:      2694 |      10776 |         collections
import time:       138 |        138 |         _functools
import time:      2961 |      13873 |       functools
import time:      2180 |       2180 |       types
import time:      5303 |      21355 |     enum
import time:      4267 |       4267 |     _uuid
import time:      2326 |      27948 |   uuid
import time:       315 |        315 |         posix
import time:       207 |        207 |         posix
import time:       309 |        830 |       posixpath
import time:       187 |        187 |           _sre
import time:      1514 |       1514 |             re._constants
import time:      1777 |       3291 |           re._parser
import time:      1077 |       1077 |           re._casefix
import time:      1811 |       6365 |         re._compiler
import time:      1339 |       1339 |         copyreg
import time:      1922 |       9624 |       re
import time:      1338 |      11791 |     fnmatch
import time:       186 |        186 |     zlib
import time:      1547 |       1547 |       _compression
import time:      1948 |       1948 |       _bz2
import time:      1548 |       5041 |     bz2
import time:      2003 |       2003 |       _lzma
import time:      2100 |       4103 |     lzma
import time:      3043 |      24162 |   shutil
import time:      1867 |       1867 |         concurrent
import time:      2729 |       2729 |               textwrap
import time:      2000 |       2000 |               warnings
import time:      2131 |       2131 |               contextlib
import time:      1159 |       1159 |                 __future__
import time:      1725 |       2883 |               _colorize
import time:      2410 |      12151 |             traceback
import time:      1554 |       1554 |               _weakrefset
import time:      1666 |       3219 |             weakref
import time:        84 |         84 |               _string
import time:      1518 |       1602 |             string
import time:      1801 |       1801 |             threading
import time:        79 |         79 |             atexit
import time:      3739 |      22589 |           logging
import time:      2065 |      24653 |         concurrent.futures._base
import time:      1729 |      28249 |       concurrent.futures
import time:        79 |         79 |         _heapq
import time:      1003 |       1082 |       heapq
import time:      4050 |       4050 |         _socket
import time:       130 |        130 |           math
import time:      1507 |       1507 |           select
import time:      1794 |       3430 |         selectors
import time:      1970 |       9450 |       socket
import time:       142 |        142 |           _locale
import time:      2888 |       3030 |         locale
import time:      1395 |       1395 |         signal
import time:       796 |        796 |         fcntl
import time:       116 |        116 |         msvcrt
import time:      3311 |       8647 |       subprocess
import time:      9131 |       9131 |         _ssl
import time:       198 |        198 |             _struct
import time:      1561 |       1758 |           struct
import time:       125 |        125 |           binascii
import time:      1730 |       3613 |         base64
import time:      4819 |      17562 |       ssl
import time:      1526 |       1526 |       asyncio.constants
import time:       260 |        260 |             _ast
import time:      4752 |       5011 |           ast
import time:       132 |        132 |               _opcode
import time:      1651 |       1651 |               _opcode_metadata
import time:      1427 |       3209 |             opcode
import time:      7840 |      11048 |           dis
import time:      4973 |       4973 |             importlib
import time:       228 |       5200 |           importlib.machinery
import time:       891 |        891 |             token
import time:        78 |         78 |             _tokenize
import time:      2237 |       3205 |           tokenize
import time:       110 |        110 |             _typing
import time:      3637 |       3747 |           typing
import time:      3897 |      32107 |         inspect
import time:      1195 |      33301 |       asyncio.coroutines
import time:        72 |         72 |           _contextvars
import time:       855 |        926 |         contextvars
import time:       649 |        649 |         asyncio.format_helpers
import time:      1302 |       1302 |           asyncio.base_futures
import time:       791 |        791 |           asyncio.exceptions
import time:       789 |        789 |           asyncio.base_tasks
import time:      3829 |       6710 |         _asyncio
import time:      1771 |      10054 |       asyncio.events
import time:      1615 |       1615 |       asyncio.futures
import time:      2535 |       2535 |       asyncio.protocols
import time:      4461 |       4461 |         asyncio.transports
import time:      1045 |       1045 |         asyncio.log
import time:      3159 |       8664 |       asyncio.sslproto
import time:       808 |        808 |           asyncio.mixins
import time:      1116 |       1924 |         asyncio.locks
import time:       857 |        857 |           asyncio.queues
import time:      1039 |       1039 |           asyncio.timeouts
import time:      1190 |       3085 |         asyncio.tasks
import time:      1153 |       6161 |       asyncio.staggered
import time:       997 |        997 |       asyncio.trsock
import time:      3340 |     133176 |     asyncio.base_events
import time:      1123 |       1123 |     asyncio.runners
import time:      1272 |       1272 |     asyncio.streams
import time:      1363 |       1363 |     asyncio.subprocess
import time:      1346 |       1346 |     asyncio.taskgroups
import time:      1055 |       1055 |     asyncio.threads
import time:      3209 |       3209 |       _overlapped
import time:      1311 |       1311 |       asyncio.base_subprocess
import time:      2025 |       2025 |       asyncio.proactor_events
import time:      1784 |       1784 |       asyncio.selector_events
import time:      1412 |       1412 |       asyncio.windows_utils
import time:      2199 |      11937 |     asyncio.windows_events
import time:      2033 |     153301 |   asyncio
import time:      1463 |       1463 |       glob
import time:      1850 |       3312 |     pathlib._abc
import time:       297 |        297 |       pwd
import time:       176 |        176 |       grp
import time:      1678 |       2150 |     pathlib._local
import time:      1316 |       6777 |   pathlib
import time:       214 |        214 |     _datetime
import time:      1193 |       1407 |   datetime
import time:      1622 |       1622 |     starlette
import time:      2363 |       2363 |         http
import time:      1987 |       4350 |       starlette.exceptions
import time:      1686 |       6035 |     starlette.status
import time:      1898 |       1898 |         annotated_doc.main
import time:      1968 |       3866 |       annotated_doc
import time:      1350 |       1350 |         copy
import time:      1103 |       1103 |           email
import time:      1830 |       1830 |           quopri
import time:      1142 |       1142 |               urllib
import time:      3264 |       3264 |               ipaddress
import time:      2785 |       7190 |             urllib.parse
import time:      1482 |       1482 |             email._parseaddr
import time:      1686 |      10357 |           email.utils
import time:      1457 |       1457 |           email.errors
import time:      1806 |       1806 |               email.quoprimime
import time:      1978 |       1978 |               email.base64mime
import time:      1081 |       1081 |                 email.encoders
import time:      1558 |       2638 |               email.charset
import time:      1746 |       8167 |             email.header
import time:      1193 |       9359 |           email._policybase
import time:      1273 |       1273 |           email._encoded_words
import time:       966 |        966 |           email.iterators
import time:      1970 |      28314 |         email.message
import time:       153 |        153 |               _json
import time:      1474 |       1627 |             json.scanner
import time:      1921 |       3547 |           json.decoder
import time:      2342 |       2342 |           json.encoder
import time:      1364 |       7252 |         json
import time:      3388 |       3388 |         dataclasses
import time:      1468 |       1468 |             anyio._core
import time:      1855 |       3322 |           anyio._core._contextmanagers
import time:      1515 |       1515 |             anyio._core._exceptions
import time:      1391 |       1391 |               sniffio._version
import time:      1270 |       1270 |               sniffio._impl
import time:      1513 |       4173 |             sniffio
import time:      1418 |       7105 |           anyio._core._eventloop
import time:      1621 |       1621 |             anyio.to_thread
import time:      2279 |       2279 |               anyio.abc._eventloop
import time:      1369 |       1369 |               anyio.abc._resources
import time:      1829 |       1829 |                 anyio._core._typedattr
import time:      1750 |       1750 |                   anyio.abc._tasks
import time:      2534 |       4283 |                 anyio.abc._streams
import time:      2800 |       8911 |               anyio.abc._sockets
import time:      1916 |       1916 |               anyio.abc._subprocesses
import time:      1645 |       1645 |               anyio.abc._testing
import time:      2927 |       2927 |                 anyio.lowlevel
import time:      2940 |       2940 |                 anyio._core._tasks
import time:      1725 |       1725 |                 anyio._core._testing
import time:      6919 |      14509 |               anyio._core._synchronization
import time:      3417 |       3417 |               anyio.from_thread
import time:      2226 |      36270 |             anyio.abc
import time:      3815 |      41705 |           anyio._core._fileio
import time:      2460 |       2460 |           anyio._core._resources
import time:      2286 |       2286 |           anyio._core._signals
import time:      1752 |       1752 |               anyio.streams
import time:      4132 |       5884 |             anyio.streams.stapled
import time:      4895 |       4895 |             anyio.streams.tls
import time:      3850 |      14628 |           anyio._core._sockets
import time:      5940 |       5940 |             anyio.streams.memory
import time:      2619 |       8558 |           anyio._core._streams
import time:      1824 |       1824 |           anyio._core._subprocesses
import time:       118 |        118 |                   _bisect
import time:      1494 |       1612 |                 bisect
import time:        70 |         70 |                 _random
import time:      2722 |       4402 |               random
import time:      2970 |       7372 |             tempfile
import time:      1960 |       9332 |           anyio._core._tempfile
import time:      2900 |      94116 |         anyio
import time:      5916 |       5916 |                       typing_extensions
import time:      2630 |       2630 |                       pydantic_core._pydantic_core
import time:      2226 |       2226 |                             numbers
import time:      4913 |       7139 |                           _decimal
import time:      2109 |       9248 |                         decimal
import time:     18402 |      27650 |                       pydantic_core.core_schema
import time:      2891 |      39085 |                     pydantic_core
import time:      1867 |      40952 |                   pydantic.version
import time:      2984 |      43936 |                 pydantic.warnings
import time:      2201 |      46136 |               pydantic._migration
import time:      1043 |       1043 |                   typing_inspection
import time:      2876 |       2876 |                   typing_inspection.typing_objects
import time:      3581 |       7499 |                 typing_inspection.introspection
import time:      3174 |       3174 |                 pydantic._internal
import time:      1768 |       1768 |                     pydantic._internal._namespace_utils
import time:      1623 |       3391 |                   pydantic._internal._typing_extra
import time:      2154 |       5544 |                 pydantic._internal._repr
import time:      1937 |      18153 |               pydantic.errors
import time:      2410 |      66697 |             pydantic
import time:       991 |        991 |                 pydantic._internal._internal_dataclass
import time:      2270 |       3260 |               pydantic.aliases
import time:      2245 |       2245 |               pydantic.config
import time:      1490 |       6994 |             pydantic._internal._config
import time:      1305 |       1305 |               pydantic._internal._core_utils
import time:      1232 |       1232 |                 pydantic._internal._import_utils
import time:      3891 |       5123 |               pydantic._internal._utils
import time:      7101 |      13527 |             pydantic._internal._decorators
import time:      1877 |       1877 |                 pydantic._internal._forward_ref
import time:      2006 |       3883 |               pydantic._internal._generics
import time:      1391 |       1391 |               pydantic._internal._docs_extraction
import time:      2653 |       7926 |             pydantic._internal._fields
import time:      3851 |       3851 |                 pydantic.plugin
import time:      3419 |       7269 |               pydantic.plugin._schema_validator
import time:      2990 |      10259 |             pydantic._internal._mock_val_ser
import time:      5116 |       5116 |                 fractions
import time:      4505 |       4505 |                     sysconfig
import time:       119 |        119 |                     _sysconfig
import time:      4681 |       9304 |                   zoneinfo._tzpath
import time:      2096 |       2096 |                   zoneinfo._common
import time:      2598 |       2598 |                   _zoneinfo
import time:      2588 |      16585 |                 zoneinfo
import time:      2343 |       2343 |                 pydantic.annotated_handlers
import time:      8023 |       8023 |                 pydantic.functional_validators
import time:      1910 |       1910 |                   pydantic._internal._core_metadata
import time:      1772 |       1772 |                   pydantic._internal._schema_generation_shared
import time:      9993 |      13674 |                 pydantic.json_schema
import time:      2071 |       2071 |                 pydantic._internal._discriminated_union
import time:      1599 |       1599 |                 pydantic._internal._known_annotated_metadata
import time:      2045 |       2045 |                 pydantic._internal._schema_gather
import time:      4821 |      56274 |               pydantic._internal._generate_schema
import time:      1605 |       1605 |               pydantic._internal._signature
import time:      2221 |      60100 |             pydantic._internal._model_construction
import time:     15697 |      15697 |               annotated_types
import time:      2982 |       2982 |               pydantic._internal._validators
import time:     20207 |      20207 |               pydantic.types
import time:      9087 |      47972 |             pydantic.fields
import time:      2018 |       2018 |                     importlib._abc
import time:       566 |       2583 |                   importlib.util
import time:      1574 |       1574 |                     zipfile._path.glob
import time:      1627 |       3201 |                   zipfile._path
import time:      5220 |      11003 |                 zipfile
import time:      1980 |       1980 |                 importlib.metadata._meta
import time:      1840 |       1840 |                 importlib.metadata._collections
import time:       997 |        997 |                 importlib.metadata._functools
import time:       717 |        717 |                 importlib.metadata._itertools
import time:      1340 |       1340 |                       importlib.resources.abc
import time:      2217 |       3557 |                     importlib.resources._common
import time:       908 |        908 |                     importlib.resources._functional
import time:      1908 |       6372 |                   importlib.resources
import time:      2255 |       8626 |                 importlib.abc
import time:      3093 |      28254 |               importlib.metadata
import time:      2146 |      30399 |             pydantic.plugin._loader
import time:     27898 |     271769 |           fastapi.exceptions
import time:      1114 |       1114 |             fastapi.openapi
import time:       841 |        841 |                 fastapi.types
import time:       849 |        849 |                   shlex
import time:       822 |        822 |                   starlette.concurrency
import time:       804 |        804 |                   starlette.types
import time:      2115 |       4587 |                 starlette.datastructures
import time:      1424 |       6851 |               fastapi._compat.shared
import time:       764 |        764 |                 fastapi.openapi.constants
import time:      2845 |       3609 |               fastapi._compat.v2
import time:       922 |      11381 |             fastapi._compat
import time:       928 |        928 |             fastapi.logger
import time:       241 |        241 |             email_validator
import time:     88060 |     101722 |           fastapi.openapi.models
import time:      1788 |       1788 |           fastapi.datastructures
import time:      5003 |     380280 |         fastapi.params
import time:      1684 |       1684 |           fastapi.dependencies
import time:      1620 |       1620 |                 fastapi.security.base
import time:      3639 |       3639 |                   http.cookies
import time:      2332 |       2332 |                   starlette._utils
import time:      1524 |       1524 |                           python_multipart.exceptions
import time:      1527 |       3050 |                         python_multipart.decoders
import time:      2949 |       5999 |                       python_multipart.multipart
import time:      1641 |       7639 |                     python_multipart
import time:      3454 |      11093 |                   starlette.formparsers
import time:      2138 |      19201 |                 starlette.requests
import time:      2256 |      23076 |               fastapi.security.api_key
import time:      1543 |       1543 |                 fastapi.security.utils
import time:      4960 |       6502 |               fastapi.security.http
import time:      4791 |       4791 |                 fastapi.param_functions
import time:      4368 |       9158 |               fastapi.security.oauth2
import time:      2185 |       2185 |               fastapi.security.open_id_connect_url
import time:      1597 |      42516 |             fastapi.security
import time:        76 |      42592 |           fastapi.security.base
import time:      5316 |      49590 |         fastapi.dependencies.models
import time:      2046 |       2046 |             starlette.background
import time:      2753 |       4799 |           fastapi.background
import time:      2370 |       2370 |           fastapi.concurrency
import time:      1754 |       1754 |           fastapi.utils
import time:      6463 |       6463 |               _hashlib
import time:       205 |        205 |               _blake2
import time:      2501 |       9168 |             hashlib
import time:      1919 |       1919 |             mimetypes
import time:      2688 |       2688 |               hmac
import time:      1601 |       4289 |             secrets
import time:      4097 |      19471 |           starlette.responses
import time:      2970 |       2970 |           starlette.websockets
import time:      7098 |      38460 |         fastapi.dependencies.utils
import time:      1518 |       1518 |             colorsys
import time:      3851 |       5369 |           pydantic.color
import time:       658 |        658 |             pydantic_extra_types
import time:       100 |        758 |           pydantic_extra_types.color
import time:      3643 |       9769 |         fastapi.encoders
import time:      5595 |       5595 |         fastapi.sse
import time:      1826 |       1826 |           starlette._exception_handler
import time:      1926 |       1926 |           starlette.convertors
import time:      2060 |       2060 |           starlette.middleware
import time:      3850 |       3850 |           starlette.middleware.body_limit
import time:      4698 |      14359 |         starlette.routing
import time:      2713 |       2713 |         starlette.staticfiles
import time:     16390 |     651570 |       fastapi.routing
import time:      1636 |       1636 |         fastapi.websockets
import time:      2494 |       4130 |       fastapi.exception_handlers
import time:      2489 |       2489 |         fastapi.middleware
import time:      3727 |       6216 |       fastapi.middleware.asyncexitstack
import time:      2463 |       2463 |       fastapi.openapi.docs
import time:      9493 |       9493 |             email.feedparser
import time:      1402 |      10895 |           email.parser
import time:      2769 |      13664 |         http.client
import time:      1420 |       1420 |           orjson.orjson
import time:      4022 |       5442 |         fastapi.responses
import time:      3582 |      22686 |       fastapi.openapi.utils
import time:      3232 |       3232 |             html.entities
import time:      2030 |       5262 |           html
import time:      1780 |       7042 |         starlette.middleware.errors
import time:      1949 |       1949 |         starlette.middleware.exceptions
import time:      1803 |      10793 |       starlette.applications
import time:      2257 |       2257 |       starlette.middleware.base
import time:      4418 |     708395 |     fastapi.applications
import time:      1742 |       1742 |     fastapi.requests
import time:      1936 |     719729 |   fastapi
import time:      2539 |       2539 |     starlette.middleware.cors
import time:      1518 |       4057 |   fastapi.middleware.cors
import time:      4077 |       4077 |         dotenv.parser
import time:      2164 |       2164 |         dotenv.variables
import time:      3025 |       9266 |       dotenv.main
import time:      2290 |      11556 |     dotenv
import time:      1927 |       1927 |       pydantic_settings.exceptions
import time:      2406 |       2406 |           gettext
import time:      3857 |       6263 |         argparse
import time:      2264 |       2264 |           pydantic._internal._dataclasses
import time:      2556 |       4819 |         pydantic.dataclasses
import time:      1608 |       1608 |             pydantic_settings.utils
import time:      1965 |       1965 |             pydantic_settings.sources.types
import time:      5649 |       5649 |             pydantic_settings.sources.utils
import time:      2774 |      11995 |           pydantic_settings.sources.base
import time:      1902 |       1902 |                 pydantic_settings.sources.providers.env
import time:      2229 |       4131 |               pydantic_settings.sources.providers.aws
import time:      1637 |       1637 |                 pydantic.alias_generators
import time:      2240 |       3877 |               pydantic_settings.sources.providers.azure
import time:      8018 |       8018 |               pydantic_settings.sources.providers.cli
import time:      2041 |       2041 |               pydantic_settings.sources.providers.dotenv
import time:      1831 |       1831 |               pydantic_settings.sources.providers.gcp
import time:      1695 |       1695 |               pydantic_settings.sources.providers.json
import time:      1634 |       1634 |                 pydantic_settings.sources.providers.toml
import time:      1638 |       3272 |               pydantic_settings.sources.providers.pyproject
import time:      2049 |       2049 |               pydantic_settings.sources.providers.secrets
import time:      2050 |       2050 |               pydantic_settings.sources.providers.yaml
import time:      2265 |      31226 |             pydantic_settings.sources.providers
import time:        81 |      31307 |           pydantic_settings.sources.providers.aws
import time:      2480 |       2480 |           pydantic_settings.sources.providers.nested_secrets
import time:      1994 |      47775 |         pydantic_settings.sources
import time:      4107 |      62963 |       pydantic_settings.main
import time:      1967 |       1967 |       pydantic_settings.version
import time:      2289 |      69144 |     pydantic_settings
import time:      1849 |       1849 |           _compat_pickle
import time:       894 |        894 |           _pickle
import time:      3630 |       6372 |         pickle
import time:      2135 |       2135 |           _queue
import time:      2244 |       4378 |         queue
import time:      2756 |      13505 |       logging.handlers
import time:      1464 |       1464 |             importlib.metadata._text
import time:      1393 |       2856 |           importlib.metadata._adapters
import time:      4353 |       7209 |         portalocker.__about__
import time:      2353 |       2353 |         portalocker.constants
import time:      3087 |       3087 |           portalocker.types
import time:      2437 |       5523 |         portalocker.exceptions
import time:      2535 |       2535 |         portalocker.portalocker
import time:      5743 |       5743 |         portalocker.utils
import time:       384 |        384 |             redis
import time:        81 |        464 |           redis.client
import time:      2282 |       2745 |         portalocker.redis
import time:      2567 |      28672 |       portalocker
import time:       273 |        273 |       grp
import time:      2032 |       2032 |       gzip
import time:      2984 |      47465 |     concurrent_log_handler
import time:     40129 |     168292 |   config
import time:      1711 |       1711 |     services
import time:       303 |        303 |     pywintypes
import time:      5757 |       7770 |   services.milvus_client
import time:      3528 |       3528 |         urllib3.exceptions
import time:      2425 |       2425 |                 urllib3.util.timeout
import time:      3515 |       5939 |               urllib3.util.connection
import time:      2723 |       2723 |                 urllib3.util.util
import time:       441 |        441 |                 brotlicffi
import time:       263 |        263 |                 brotli
import time:       235 |        235 |                 backports
import time:      2756 |       6417 |               urllib3.util.request
import time:      1919 |       1919 |               urllib3.util.response
import time:      2720 |       2720 |               urllib3.util.retry
import time:     13025 |      13025 |                 urllib3.util.url
import time:      3493 |       3493 |                 urllib3.util.ssltransport
import time:      2316 |      18832 |               urllib3.util.ssl_
import time:      2132 |       2132 |               urllib3.util.wait
import time:      1849 |      39805 |             urllib3.util
import time:        85 |      39890 |           urllib3.util.connection
import time:      2913 |      42803 |         urllib3._base_connection
import time:      3674 |       3674 |         urllib3._collections
import time:      1957 |       1957 |         urllib3._version
import time:      2136 |       2136 |               urllib3.fields
import time:      2490 |       4625 |             urllib3.filepost
import time:       405 |        405 |               brotlicffi
import time:       257 |        257 |               brotli
import time:      1661 |       1661 |                 urllib3.http2
import time:      1751 |       1751 |                 urllib3.http2.probe
import time:      1501 |       1501 |                 urllib3.util.ssl_match_hostname
import time:      4001 |       8913 |               urllib3.connection
import time:       466 |        466 |               backports
import time:      3183 |      13223 |             urllib3.response
import time:      2195 |      20043 |           urllib3._request_methods
import time:      2263 |       2263 |           urllib3.util.proxy
import time:      2306 |      24612 |         urllib3.connectionpool
import time:      4034 |       4034 |         urllib3.poolmanager
import time:      3096 |      83701 |       urllib3
import time:      5443 |       5443 |                 charset_normalizer.constant
import time:      2541 |       2541 |                   unicodedata
import time:      2563 |       5103 |                 charset_normalizer.utils
import time:      4389 |      14934 |               charset_normalizer.md
import time:     11207 |      26141 |             charset_normalizer.cd
import time:      2628 |       2628 |             charset_normalizer.models
import time:      4288 |      33057 |           charset_normalizer.api
import time:      2446 |       2446 |           charset_normalizer.legacy
import time:      2106 |       2106 |           charset_normalizer.version
import time:       934 |        934 |           simplejson
import time:      1332 |       1332 |                 urllib.response
import time:      1691 |       3022 |               urllib.error
import time:      1353 |       1353 |               nturl2path
import time:      4496 |       8870 |             urllib.request
import time:      3449 |       3449 |             calendar
import time:      7113 |      19432 |           http.cookiejar
import time:      5666 |      63638 |         requests.compat
import time:      3791 |      67429 |       requests.exceptions
import time:       469 |        469 |       chardet
import time:      1983 |       1983 |             idna.idnadata
import time:      2014 |       2014 |             idna.intranges
import time:      3560 |       7556 |           idna.core
import time:      2045 |       2045 |           idna.package_data
import time:      2114 |      11715 |         idna
import time:      2484 |      14198 |       requests.packages
import time:      1817 |       1817 |             certifi.core
import time:      1929 |       3746 |           certifi
import time:      1825 |       5571 |         requests.certs
import time:      1474 |       1474 |         requests.__version__
import time:      1876 |       1876 |         requests._internal_utils
import time:      1999 |       1999 |         requests._types
import time:      2697 |       2697 |         requests.cookies
import time:      2529 |       2529 |         requests.structures
import time:      2062 |       2062 |         importlib.resources._adapters
import time:      1173 |       1173 |             importlib.resources._itertools
import time:      1694 |       2867 |           importlib.resources.readers
import time:      1232 |       4098 |         importlib.readers
import time:      3941 |      26243 |       requests.utils
import time:      2762 |       2762 |             requests.auth
import time:      2067 |       2067 |                 stringprep
import time:      1825 |       3891 |               encodings.idna
import time:      2093 |       2093 |               requests.hooks
import time:      2129 |       2129 |               requests.status_codes
import time:      2818 |      10930 |             requests.models
import time:      1891 |       1891 |               urllib3.contrib
import time:       758 |        758 |               socks
import time:      2055 |       4702 |             urllib3.contrib.socks
import time:      2541 |      20933 |           requests.adapters
import time:      1961 |      22894 |         requests.sessions
import time:      1942 |      24835 |       requests.api
import time:      3029 |     219902 |     requests
import time:      1781 |     221682 |   services.pdf_parser
import time:      2254 |       2254 |         psycopg2.errors
import time:     13283 |      15536 |       psycopg2._psycopg
import time:      1360 |       1360 |         psycopg2._json
import time:      3187 |       3187 |         psycopg2._range
import time:      1992 |       6538 |       psycopg2.extensions
import time:      3157 |      25230 |     psycopg2
import time:      1477 |       1477 |       psycopg2._ipaddress
import time:      4307 |       5784 |     psycopg2.extras
import time:     10122 |      41135 |   services.database
import time:      2047 |       2047 |       bcrypt._bcrypt
import time:      2762 |       4809 |     bcrypt
import time:      2241 |       2241 |       jose.exceptions
import time:      2135 |       4376 |     jose
import time:      1817 |       1817 |                         cryptography.__about__
import time:      2014 |       3831 |                       cryptography
import time:      1855 |       5685 |                     cryptography.utils
import time:      3191 |       8876 |                   jose.utils
import time:      1753 |      10629 |                 jose.backends.base
import time:      1959 |       1959 |                 jose.constants
import time:      2642 |      15229 |               jose.backends.native
import time:      1715 |       1715 |                       cryptography.hazmat
import time:      2694 |       4408 |                     cryptography.hazmat.bindings
import time:      6909 |       6909 |                     _cffi_backend
import time:      6792 |      18108 |                   cryptography.hazmat.bindings._rust
import time:      1878 |      19985 |                 cryptography.exceptions
import time:      1197 |       1197 |                 cryptography.hazmat.backends
import time:      1210 |       1210 |                 cryptography.hazmat.primitives
import time:      1645 |       1645 |                 cryptography.hazmat.primitives.hashes
import time:       989 |        989 |                 cryptography.hazmat.primitives.hmac
import time:      1242 |       1242 |                   cryptography.hazmat.primitives._serialization
import time:       978 |        978 |                     cryptography.hazmat.primitives.asymmetric
import time:      1425 |       2403 |                   cryptography.hazmat.primitives.asymmetric.dh
import time:      1112 |       1112 |                   cryptography.hazmat.primitives.serialization.base
import time:      1132 |       1132 |                       cryptography.hazmat.primitives.asymmetric.utils
import time:      1313 |       2444 |                     cryptography.hazmat.primitives.asymmetric.dsa
import time:      1649 |       1649 |                       cryptography.hazmat._oid
import time:      1492 |       3140 |                     cryptography.hazmat.primitives.asymmetric.ec
import time:      2606 |       2606 |                     cryptography.hazmat.primitives.asymmetric.ed25519
import time:      1424 |       1424 |                       cryptography.hazmat.primitives._asymmetric
import time:      1862 |       1862 |                       cryptography.hazmat.primitives.asymmetric.rsa
import time:      2005 |       5290 |                     cryptography.hazmat.primitives.asymmetric.padding
import time:      1648 |       1648 |                       cryptography.hazmat.primitives._cipheralgorithm
import time:      1375 |       1375 |                               cryptography.hazmat.decrepit
import time:      2230 |       3604 |                             cryptography.hazmat.decrepit.ciphers
import time:      1803 |       1803 |                             cryptography.hazmat.primitives._modes
import time:      2072 |       7478 |                           cryptography.hazmat.decrepit.ciphers.modes
import time:      3888 |       3888 |                             cryptography.hazmat.decrepit.ciphers.algorithms
import time:      2007 |       5895 |                           cryptography.hazmat.primitives.ciphers.algorithms
import time:      1774 |      15147 |                         cryptography.hazmat.primitives.ciphers.modes
import time:      2614 |      17760 |                       cryptography.hazmat.primitives.ciphers.base
import time:      2060 |      21467 |                     cryptography.hazmat.primitives.ciphers
import time:      4202 |      39147 |                   cryptography.hazmat.primitives.serialization.ssh
import time:      1197 |      45100 |                 cryptography.hazmat.primitives.serialization
import time:      3146 |       3146 |                 cryptography.hazmat.primitives.ciphers.aead
import time:      1859 |       1859 |                 cryptography.hazmat.primitives.keywrap
import time:      2923 |       2923 |                 cryptography.hazmat.primitives.padding
import time:      4168 |       4168 |                   cryptography.x509.certificate_transparency
import time:      3819 |       3819 |                   cryptography.x509.oid
import time:     17036 |      17036 |                       cryptography.x509.name
import time:      4339 |      21375 |                     cryptography.x509.general_name
import time:      2372 |      23746 |                   cryptography.x509.verification
import time:      2042 |       2042 |                     cryptography.hazmat.primitives.asymmetric.ed448
import time:      2662 |       2662 |                     cryptography.hazmat.primitives.asymmetric.mldsa
import time:      2448 |       2448 |                     cryptography.hazmat.primitives.asymmetric.mlkem
import time:      4881 |       4881 |                     cryptography.hazmat.primitives.asymmetric.x448
import time:      2634 |       2634 |                     cryptography.hazmat.primitives.asymmetric.x25519
import time:      2174 |       2174 |                     cryptography.hazmat.primitives.asymmetric.types
import time:      1846 |       1846 |                       cryptography.hazmat.primitives.constant_time
import time:      6670 |       8516 |                     cryptography.x509.extensions
import time:      3675 |      29029 |                   cryptography.x509.base
import time:      3950 |      64710 |                 cryptography.x509
import time:      2975 |     145736 |               jose.backends.cryptography_backend
import time:      1600 |     162565 |             jose.backends
import time:        56 |     162620 |           jose.backends.base
import time:      1627 |     164247 |         jose.jwk
import time:      1727 |     165974 |       jose.jws
import time:      1872 |     167845 |     jose.jwt
import time:      4121 |     181149 |   services.auth
import time:      2200 |       2200 |   services.storage
import time:      6726 |       6726 |   services.bm25_client
import time:      1708 |       1708 |               pydantic.v1.typing
import time:      3479 |       5186 |             pydantic.v1.errors
import time:       402 |        402 |                 cython
import time:      1693 |       2095 |               pydantic.v1.version
import time:      3497 |       5591 |             pydantic.v1.utils
import time:      2013 |      12790 |           pydantic.v1.class_validators
import time:      4001 |       4001 |           pydantic.v1.config
import time:      3497 |       3497 |               pydantic.v1.color
import time:      5223 |       5223 |                   pydantic.v1.datetime_parse
import time:      4220 |       9442 |                 pydantic.v1.validators
import time:      4801 |      14243 |               pydantic.v1.networks
import time:      5794 |       5794 |               pydantic.v1.types
import time:      2556 |      26089 |             pydantic.v1.json
import time:      3073 |      29162 |           pydantic.v1.error_wrappers
import time:      4030 |       4030 |           pydantic.v1.fields
import time:      2979 |       2979 |             pydantic.v1.parse
import time:      3833 |       3833 |             pydantic.v1.schema
import time:      5405 |      12215 |           pydantic.v1.main
import time:      3193 |      65389 |         pydantic.v1.dataclasses
import time:      2913 |       2913 |         pydantic.v1.annotated_types
import time:      3005 |       3005 |         pydantic.v1.decorator
import time:      3657 |       3657 |         pydantic.v1.env_settings
import time:      2749 |       2749 |         pydantic.v1.tools
import time:      2326 |      80037 |       pydantic.v1
import time:     17660 |      97696 |     api.auth
import time:     13612 |      13612 |     api.knowledge_bases
import time:     12839 |      12839 |     api.documents
import time:     15181 |      15181 |     api.files
import time:      5667 |       5667 |       services.audit
import time:     12529 |      18195 |     api.processing
import time:      5259 |       5259 |       services.reranker
import time:     11798 |      17057 |     api.search
import time:      5648 |       5648 |     api.stats
import time:     30096 |      30096 |     api.agent
import time:     18600 |      18600 |     api.evaluation
import time:      4070 |       4070 |       services.runtime_config
import time:      6964 |      11033 |     api.settings
import time:      7882 |       7882 |     api.audit
import time:      2480 |     250315 |   api
import time:     21445 |    1838090 | app
