import time: self [us] | cumulative | imported package
import time:       130 |        130 | winreg
import time:       218 |        218 |   _io
import time:        35 |         35 |   marshal
import time:       252 |        252 |   nt
import time:       701 |       1204 | _frozen_importlib_external
import time:       752 |        752 |   time
import time:       284 |       1035 | zipimport
import time:       143 |        143 |     _codecs
import time:      1310 |       1453 |   codecs
import time:      1379 |       1379 |   encodings.aliases
import time:      1504 |       4335 | encodings
import time:       388 |        388 | encodings.utf_8
import time:        55 |         55 |   _codecs_cn
import time:        52 |         52 |   _multibytecodec
import time:      1038 |       1144 | encodings.gbk
import time:        99 |         99 | _signal
import time:        41 |         41 |     _abc
import time:       199 |        239 |   abc
import time:       161 |        400 | io
import time:        70 |         70 |       _stat
import time:       107 |        176 |     stat
import time:       990 |        990 |     _collections_abc
import time:        88 |         88 |       genericpath
import time:        94 |         94 |       _winapi
import time:       245 |        426 |     ntpath
import time:       681 |       2272 |   os
import time:       106 |        106 |   _sitebuiltins
import time:        60 |         60 |   errno
import time:       447 |        447 |   encodings.utf_8_sig
import time:      1229 |       1229 |   _virtualenv
import time:       610 |        610 |   _distutils_hack
import time:       186 |        186 |   sitecustomize
import time:      2850 |       7757 | site
import time:       583 |        583 | linecache
import time:       148 |        148 |           itertools
import time:       398 |        398 |           keyword
import time:        87 |         87 |             _operator
import time:       628 |        715 |           operator
import time:       514 |        514 |           reprlib
import time:       102 |        102 |           _collections
import time:      1153 |       3028 |         collections
import time:        67 |         67 |         _functools
import time:       844 |       3938 |       functools
import time:       607 |        607 |       types
import time:      2207 |       6752 |     enum
import time:      2705 |       2705 |     _uuid
import time:       847 |      10303 |   uuid
import time:       260 |        260 |         posix
import time:       202 |        202 |         posix
import time:       303 |        763 |       posixpath
import time:       159 |        159 |           _sre
import time:       880 |        880 |             re._constants
import time:      1047 |       1927 |           re._parser
import time:       734 |        734 |           re._casefix
import time:      1083 |       3902 |         re._compiler
import time:       820 |        820 |         copyreg
import time:      1332 |       6053 |       re
import time:       769 |       7585 |     fnmatch
import time:       174 |        174 |     zlib
import time:       924 |        924 |       _compression
import time:      1642 |       1642 |       _bz2
import time:       977 |       3542 |     bz2
import time:      1192 |       1192 |       _lzma
import time:      1099 |       2291 |     lzma
import time:      1494 |      15085 |   shutil
import time:       935 |        935 |         concurrent
import time:      1316 |       1316 |               textwrap
import time:       650 |        650 |               warnings
import time:       838 |        838 |               contextlib
import time:       366 |        366 |                 __future__
import time:       458 |        823 |               _colorize
import time:      1008 |       4634 |             traceback
import time:       833 |        833 |               _weakrefset
import time:       714 |       1547 |             weakref
import time:        70 |         70 |               _string
import time:      1148 |       1217 |             string
import time:       928 |        928 |             threading
import time:        69 |         69 |             atexit
import time:      2105 |      10498 |           logging
import time:      1003 |      11500 |         concurrent.futures._base
import time:       732 |      13167 |       concurrent.futures
import time:        64 |         64 |         _heapq
import time:       489 |        552 |       heapq
import time:      4262 |       4262 |         _socket
import time:       123 |        123 |           math
import time:      1104 |       1104 |           select
import time:      1331 |       2558 |         selectors
import time:      1671 |       8490 |       socket
import time:       151 |        151 |           _locale
import time:      2060 |       2210 |         locale
import time:      1135 |       1135 |         signal
import time:       321 |        321 |         fcntl
import time:        96 |         96 |         msvcrt
import time:      2168 |       5928 |       subprocess
import time:      8555 |       8555 |         _ssl
import time:       158 |        158 |             _struct
import time:       655 |        813 |           struct
import time:       103 |        103 |           binascii
import time:      1115 |       2030 |         base64
import time:      4126 |      14710 |       ssl
import time:       749 |        749 |       asyncio.constants
import time:       102 |        102 |             _ast
import time:      1978 |       2080 |           ast
import time:        67 |         67 |               _opcode
import time:       487 |        487 |               _opcode_metadata
import time:       664 |       1217 |             opcode
import time:      1296 |       2513 |           dis
import time:       549 |        549 |             importlib
import time:        92 |        641 |           importlib.machinery
import time:       458 |        458 |             token
import time:        59 |         59 |             _tokenize
import time:      1283 |       1799 |           tokenize
import time:        67 |         67 |             _typing
import time:      2591 |       2658 |           typing
import time:      2706 |      12394 |         inspect
import time:       486 |      12880 |       asyncio.coroutines
import time:        49 |         49 |           _contextvars
import time:       365 |        413 |         contextvars
import time:       320 |        320 |         asyncio.format_helpers
import time:       374 |        374 |           asyncio.base_futures
import time:       375 |        375 |           asyncio.exceptions
import time:       323 |        323 |           asyncio.base_tasks
import time:      1056 |       2126 |         _asyncio
import time:       741 |       3599 |       asyncio.events
import time:       428 |        428 |       asyncio.futures
import time:       404 |        404 |       asyncio.protocols
import time:      2127 |       2127 |         asyncio.transports
import time:       349 |        349 |         asyncio.log
import time:       820 |       3295 |       asyncio.sslproto
import time:       664 |        664 |           asyncio.mixins
import time:       748 |       1412 |         asyncio.locks
import time:       522 |        522 |           asyncio.queues
import time:       646 |        646 |           asyncio.timeouts
import time:       904 |       2072 |         asyncio.tasks
import time:       420 |       3903 |       asyncio.staggered
import time:       376 |        376 |       asyncio.trsock
import time:      1824 |      70300 |     asyncio.base_events
import time:       535 |        535 |     asyncio.runners
import time:       615 |        615 |     asyncio.streams
import time:       476 |        476 |     asyncio.subprocess
import time:       374 |        374 |     asyncio.taskgroups
import time:       381 |        381 |     asyncio.threads
import time:      2182 |       2182 |       _overlapped
import time:       564 |        564 |       asyncio.base_subprocess
import time:      1151 |       1151 |       asyncio.proactor_events
import time:       802 |        802 |       asyncio.selector_events
import time:       411 |        411 |       asyncio.windows_utils
import time:      1070 |       6177 |     asyncio.windows_events
import time:       810 |      79665 |   asyncio
import time:       714 |        714 |       glob
import time:       753 |       1466 |     pathlib._abc
import time:       191 |        191 |       pwd
import time:       127 |        127 |       grp
import time:       918 |       1234 |     pathlib._local
import time:       465 |       3165 |   pathlib
import time:       133 |        133 |     _datetime
import time:       464 |        596 |   datetime
import time:      1167 |       1167 |     starlette
import time:      1619 |       1619 |         http
import time:      1009 |       2628 |       starlette.exceptions
import time:      1103 |       3730 |     starlette.status
import time:      1027 |       1027 |         annotated_doc.main
import time:       906 |       1933 |       annotated_doc
import time:       495 |        495 |         copy
import time:       415 |        415 |           email
import time:       377 |        377 |           quopri
import time:       480 |        480 |               urllib
import time:      1579 |       1579 |               ipaddress
import time:      1802 |       3861 |             urllib.parse
import time:       623 |        623 |             email._parseaddr
import time:       637 |       5119 |           email.utils
import time:       687 |        687 |           email.errors
import time:       434 |        434 |               email.quoprimime
import time:       325 |        325 |               email.base64mime
import time:       301 |        301 |                 email.encoders
import time:       470 |        771 |               email.charset
import time:       818 |       2346 |             email.header
import time:       538 |       2884 |           email._policybase
import time:       527 |        527 |           email._encoded_words
import time:       321 |        321 |           email.iterators
import time:       897 |      11223 |         email.message
import time:        72 |         72 |               _json
import time:       485 |        556 |             json.scanner
import time:       812 |       1368 |           json.decoder
import time:       602 |        602 |           json.encoder
import time:       506 |       2475 |         json
import time:      1153 |       1153 |         dataclasses
import time:       901 |        901 |             anyio._core
import time:      1460 |       2361 |           anyio._core._contextmanagers
import time:      1042 |       1042 |             anyio._core._exceptions
import time:      1422 |       1422 |               sniffio._version
import time:      1003 |       1003 |               sniffio._impl
import time:       960 |       3384 |             sniffio
import time:       983 |       5408 |           anyio._core._eventloop
import time:      1022 |       1022 |             anyio.to_thread
import time:      1245 |       1245 |               anyio.abc._eventloop
import time:       989 |        989 |               anyio.abc._resources
import time:       960 |        960 |                 anyio._core._typedattr
import time:      1093 |       1093 |                   anyio.abc._tasks
import time:      1483 |       2575 |                 anyio.abc._streams
import time:      1477 |       5012 |               anyio.abc._sockets
import time:       962 |        962 |               anyio.abc._subprocesses
import time:       858 |        858 |               anyio.abc._testing
import time:      2282 |       2282 |                 anyio.lowlevel
import time:      1684 |       1684 |                 anyio._core._tasks
import time:      1031 |       1031 |                 anyio._core._testing
import time:      3613 |       8609 |               anyio._core._synchronization
import time:      1778 |       1778 |               anyio.from_thread
import time:      1052 |      20501 |             anyio.abc
import time:      2080 |      23602 |           anyio._core._fileio
import time:       876 |        876 |           anyio._core._resources
import time:       766 |        766 |           anyio._core._signals
import time:       954 |        954 |               anyio.streams
import time:      1963 |       2916 |             anyio.streams.stapled
import time:      2517 |       2517 |             anyio.streams.tls
import time:      2177 |       7609 |           anyio._core._sockets
import time:      2804 |       2804 |             anyio.streams.memory
import time:      1314 |       4117 |           anyio._core._streams
import time:      1059 |       1059 |           anyio._core._subprocesses
import time:        49 |         49 |                   _bisect
import time:       380 |        428 |                 bisect
import time:        38 |         38 |                 _random
import time:       664 |       1129 |               random
import time:       761 |       1889 |             tempfile
import time:      1150 |       3039 |           anyio._core._tempfile
import time:      1483 |      50315 |         anyio
import time:      2821 |       2821 |                       typing_extensions
import time:      1188 |       1188 |                       pydantic_core._pydantic_core
import time:       679 |        679 |                             numbers
import time:      1815 |       2493 |                           _decimal
import time:       446 |       2939 |                         decimal
import time:      9134 |      12073 |                       pydantic_core.core_schema
import time:       932 |      17012 |                     pydantic_core
import time:       375 |      17387 |                   pydantic.version
import time:       528 |      17915 |                 pydantic.warnings
import time:       685 |      18600 |               pydantic._migration
import time:       526 |        526 |                   typing_inspection
import time:      1818 |       1818 |                   typing_inspection.typing_objects
import time:      1614 |       3958 |                 typing_inspection.introspection
import time:       472 |        472 |                 pydantic._internal
import time:       721 |        721 |                     pydantic._internal._namespace_utils
import time:       756 |       1476 |                   pydantic._internal._typing_extra
import time:       793 |       2269 |                 pydantic._internal._repr
import time:       725 |       7422 |               pydantic.errors
import time:       708 |      26730 |             pydantic
import time:       337 |        337 |                 pydantic._internal._internal_dataclass
import time:      1459 |       1795 |               pydantic.aliases
import time:      1700 |       1700 |               pydantic.config
import time:       621 |       4115 |             pydantic._internal._config
import time:       634 |        634 |               pydantic._internal._core_utils
import time:       464 |        464 |                 pydantic._internal._import_utils
import time:      1625 |       2088 |               pydantic._internal._utils
import time:      4755 |       7476 |             pydantic._internal._decorators
import time:      1270 |       1270 |                 pydantic._internal._forward_ref
import time:       936 |       2206 |               pydantic._internal._generics
import time:       647 |        647 |               pydantic._internal._docs_extraction
import time:      1242 |       4094 |             pydantic._internal._fields
import time:      1030 |       1030 |                 pydantic.plugin
import time:       888 |       1918 |               pydantic.plugin._schema_validator
import time:       760 |       2678 |             pydantic._internal._mock_val_ser
import time:      2248 |       2248 |                 fractions
import time:      3622 |       3622 |                     sysconfig
import time:        71 |         71 |                     _sysconfig
import time:      2406 |       6098 |                   zoneinfo._tzpath
import time:       515 |        515 |                   zoneinfo._common
import time:       968 |        968 |                   _zoneinfo
import time:       973 |       8552 |                 zoneinfo
import time:       462 |        462 |                 pydantic.annotated_handlers
import time:      3638 |       3638 |                 pydantic.functional_validators
import time:       612 |        612 |                   pydantic._internal._core_metadata
import time:       435 |        435 |                   pydantic._internal._schema_generation_shared
import time:      6723 |       7769 |                 pydantic.json_schema
import time:      1078 |       1078 |                 pydantic._internal._discriminated_union
import time:       826 |        826 |                 pydantic._internal._known_annotated_metadata
import time:      1350 |       1350 |                 pydantic._internal._schema_gather
import time:      2908 |      28828 |               pydantic._internal._generate_schema
import time:       792 |        792 |               pydantic._internal._signature
import time:      1126 |      30745 |             pydantic._internal._model_construction
import time:     15595 |      15595 |               annotated_types
import time:      1124 |       1124 |               pydantic._internal._validators
import time:     10431 |      10431 |               pydantic.types
import time:      4695 |      31843 |             pydantic.fields
import time:       784 |        784 |                     importlib._abc
import time:       537 |       1321 |                   importlib.util
import time:       883 |        883 |                     zipfile._path.glob
import time:      1328 |       2210 |                   zipfile._path
import time:      3262 |       6792 |                 zipfile
import time:       914 |        914 |                 importlib.metadata._meta
import time:      1306 |       1306 |                 importlib.metadata._collections
import time:       588 |        588 |                 importlib.metadata._functools
import time:       466 |        466 |                 importlib.metadata._itertools
import time:       793 |        793 |                       importlib.resources.abc
import time:      1326 |       2119 |                     importlib.resources._common
import time:       536 |        536 |                     importlib.resources._functional
import time:       544 |       3198 |                   importlib.resources
import time:       716 |       3913 |                 importlib.abc
import time:      2774 |      16751 |               importlib.metadata
import time:      1173 |      17923 |             pydantic.plugin._loader
import time:     32012 |     157612 |           fastapi.exceptions
import time:      1106 |       1106 |             fastapi.openapi
import time:       929 |        929 |                 fastapi.types
import time:       629 |        629 |                   shlex
import time:       888 |        888 |                   starlette.concurrency
import time:       886 |        886 |                   starlette.types
import time:      2239 |       4641 |                 starlette.datastructures
import time:      1132 |       6701 |               fastapi._compat.shared
import time:       781 |        781 |                 fastapi.openapi.constants
import time:      2522 |       3302 |               fastapi._compat.v2
import time:      1030 |      11032 |             fastapi._compat
import time:      1461 |       1461 |             fastapi.logger
import time:       388 |        388 |             email_validator
import time:    142438 |     156423 |           fastapi.openapi.models
import time:      2901 |       2901 |           fastapi.datastructures
import time:      4775 |     321710 |         fastapi.params
import time:      1991 |       1991 |           fastapi.dependencies
import time:      1444 |       1444 |                 fastapi.security.base
import time:      4268 |       4268 |                   http.cookies
import time:      2905 |       2905 |                   starlette._utils
import time:      2349 |       2349 |                           python_multipart.exceptions
import time:      2147 |       4495 |                         python_multipart.decoders
import time:      4046 |       8540 |                       python_multipart.multipart
import time:      1805 |      10345 |                     python_multipart
import time:      3920 |      14264 |                   starlette.formparsers
import time:      2767 |      24203 |                 starlette.requests
import time:      2436 |      28083 |               fastapi.security.api_key
import time:      1478 |       1478 |                 fastapi.security.utils
import time:      4227 |       5705 |               fastapi.security.http
import time:      3124 |       3124 |                 fastapi.param_functions
import time:      3199 |       6323 |               fastapi.security.oauth2
import time:      1661 |       1661 |               fastapi.security.open_id_connect_url
import time:      1823 |      43592 |             fastapi.security
import time:        69 |      43661 |           fastapi.security.base
import time:      4573 |      50224 |         fastapi.dependencies.models
import time:      1687 |       1687 |             starlette.background
import time:      1621 |       3308 |           fastapi.background
import time:      2404 |       2404 |           fastapi.concurrency
import time:      1593 |       1593 |           fastapi.utils
import time:      3431 |       3431 |               _hashlib
import time:        80 |         80 |               _blake2
import time:       774 |       4283 |             hashlib
import time:       913 |        913 |             mimetypes
import time:       455 |        455 |               hmac
import time:       638 |       1093 |             secrets
import time:      1973 |       8261 |           starlette.responses
import time:      1383 |       1383 |           starlette.websockets
import time:      3678 |      20625 |         fastapi.dependencies.utils
import time:      1051 |       1051 |             colorsys
import time:      1845 |       2896 |           pydantic.color
import time:       187 |        187 |             pydantic_extra_types
import time:        30 |        216 |           pydantic_extra_types.color
import time:      1623 |       4734 |         fastapi.encoders
import time:      2339 |       2339 |         fastapi.sse
import time:      1104 |       1104 |           starlette._exception_handler
import time:      1096 |       1096 |           starlette.convertors
import time:      1065 |       1065 |           starlette.middleware
import time:      1147 |       1147 |           starlette.middleware.body_limit
import time:      2057 |       6468 |         starlette.routing
import time:      1677 |       1677 |         starlette.staticfiles
import time:      9020 |     482453 |       fastapi.routing
import time:       998 |        998 |         fastapi.websockets
import time:      1288 |       2285 |       fastapi.exception_handlers
import time:      1014 |       1014 |         fastapi.middleware
import time:      1274 |       2287 |       fastapi.middleware.asyncexitstack
import time:      1127 |       1127 |       fastapi.openapi.docs
import time:      5014 |       5014 |             email.feedparser
import time:       711 |       5724 |           email.parser
import time:      1666 |       7390 |         http.client
import time:      1258 |       1258 |           orjson.orjson
import time:      2619 |       3877 |         fastapi.responses
import time:      2007 |      13273 |       fastapi.openapi.utils
import time:      2036 |       2036 |             html.entities
import time:      1401 |       3436 |           html
import time:       952 |       4388 |         starlette.middleware.errors
import time:      1412 |       1412 |         starlette.middleware.exceptions
import time:      1334 |       7132 |       starlette.applications
import time:      2744 |       2744 |       starlette.middleware.base
import time:      3243 |     516473 |     fastapi.applications
import time:      1262 |       1262 |     fastapi.requests
import time:      1847 |     524476 |   fastapi
import time:      1101 |       1101 |     starlette.middleware.cors
import time:       922 |       2023 |   fastapi.middleware.cors
import time:      1614 |       1614 |         dotenv.parser
import time:       735 |        735 |         dotenv.variables
import time:      1010 |       3359 |       dotenv.main
import time:       639 |       3998 |     dotenv
import time:       574 |        574 |       pydantic_settings.exceptions
import time:      1106 |       1106 |           gettext
import time:      2474 |       3579 |         argparse
import time:       576 |        576 |           pydantic._internal._dataclasses
import time:       779 |       1354 |         pydantic.dataclasses
import time:       416 |        416 |             pydantic_settings.utils
import time:       541 |        541 |             pydantic_settings.sources.types
import time:      1616 |       1616 |             pydantic_settings.sources.utils
import time:      1009 |       3581 |           pydantic_settings.sources.base
import time:       513 |        513 |                 pydantic_settings.sources.providers.env
import time:       664 |       1177 |               pydantic_settings.sources.providers.aws
import time:       355 |        355 |                 pydantic.alias_generators
import time:       504 |        858 |               pydantic_settings.sources.providers.azure
import time:      2939 |       2939 |               pydantic_settings.sources.providers.cli
import time:       534 |        534 |               pydantic_settings.sources.providers.dotenv
import time:       728 |        728 |               pydantic_settings.sources.providers.gcp
import time:       565 |        565 |               pydantic_settings.sources.providers.json
import time:      1015 |       1015 |                 pydantic_settings.sources.providers.toml
import time:       459 |       1474 |               pydantic_settings.sources.providers.pyproject
import time:       496 |        496 |               pydantic_settings.sources.providers.secrets
import time:       460 |        460 |               pydantic_settings.sources.providers.yaml
import time:       716 |       9942 |             pydantic_settings.sources.providers
import time:        39 |       9981 |           pydantic_settings.sources.providers.aws
import time:       725 |        725 |           pydantic_settings.sources.providers.nested_secrets
import time:       619 |      14905 |         pydantic_settings.sources
import time:      2126 |      21963 |       pydantic_settings.main
import time:       600 |        600 |       pydantic_settings.version
import time:       651 |      23787 |     pydantic_settings
import time:       541 |        541 |           _compat_pickle
import time:       141 |        141 |           _pickle
import time:      1453 |       2133 |         pickle
import time:      1017 |       1017 |           _queue
import time:       627 |       1644 |         queue
import time:      1210 |       4986 |       logging.handlers
import time:       493 |        493 |             importlib.metadata._text
import time:       610 |       1102 |           importlib.metadata._adapters
import time:      2390 |       3492 |         portalocker.__about__
import time:       849 |        849 |         portalocker.constants
import time:      1761 |       1761 |           portalocker.types
import time:      1296 |       3056 |         portalocker.exceptions
import time:      1340 |       1340 |         portalocker.portalocker
import time:      5788 |       5788 |         portalocker.utils
import time:       463 |        463 |             redis
import time:       102 |        565 |           redis.client
import time:      1197 |       1761 |         portalocker.redis
import time:       985 |      17270 |       portalocker
import time:       315 |        315 |       grp
import time:      1501 |       1501 |       gzip
import time:      1429 |      25499 |     concurrent_log_handler
import time:     48310 |     101593 |   config
import time:      3129 |       3129 |     services
import time:       401 |        401 |     pywintypes
import time:      9210 |      12739 |   services.milvus_client
import time:      1172 |       1172 |         psycopg2.errors
import time:     14343 |      15515 |       psycopg2._psycopg
import time:      1387 |       1387 |         psycopg2._json
import time:      3259 |       3259 |         psycopg2._range
import time:      2211 |       6856 |       psycopg2.extensions
import time:      2296 |      24666 |     psycopg2
import time:      1727 |       1727 |       psycopg2._ipaddress
import time:      4729 |       6455 |     psycopg2.extras
import time:     16079 |      47198 |   services.database
import time:      3657 |       3657 |       bcrypt._bcrypt
import time:      3267 |       6923 |     bcrypt
import time:     18605 |      25528 |   services.auth
import time:      3114 |       3114 |   services.storage
import time:      8349 |       8349 |   services.bm25_client
import time:      1799 |       1799 |               pydantic.v1.typing
import time:      3380 |       5178 |             pydantic.v1.errors
import time:       315 |        315 |                 cython
import time:       812 |       1126 |               pydantic.v1.version
import time:      2564 |       3690 |             pydantic.v1.utils
import time:      2111 |      10977 |           pydantic.v1.class_validators
import time:      1933 |       1933 |           pydantic.v1.config
import time:      2144 |       2144 |               pydantic.v1.color
import time:      2422 |       2422 |                   pydantic.v1.datetime_parse
import time:      1622 |       4044 |                 pydantic.v1.validators
import time:      2442 |       6486 |               pydantic.v1.networks
import time:      5322 |       5322 |               pydantic.v1.types
import time:      1400 |      15350 |             pydantic.v1.json
import time:      1980 |      17330 |           pydantic.v1.error_wrappers
import time:      2517 |       2517 |           pydantic.v1.fields
import time:      1331 |       1331 |             pydantic.v1.parse
import time:      2020 |       2020 |             pydantic.v1.schema
import time:      2848 |       6198 |           pydantic.v1.main
import time:      2514 |      41466 |         pydantic.v1.dataclasses
import time:       977 |        977 |         pydantic.v1.annotated_types
import time:      1267 |       1267 |         pydantic.v1.decorator
import time:      1808 |       1808 |         pydantic.v1.env_settings
import time:      1666 |       1666 |         pydantic.v1.tools
import time:      1786 |      48969 |       pydantic.v1
import time:     13527 |      62496 |     api.auth
import time:      7257 |       7257 |     api.knowledge_bases
import time:      6137 |       6137 |     api.documents
import time:     22441 |      22441 |     api.files
import time:      4351 |       4351 |       services.audit
import time:      8223 |      12574 |     api.processing
import time:      3454 |       3454 |       services.reranker
import time:      6465 |       9918 |     api.search
import time:      4130 |       4130 |     api.stats
import time:     12742 |      12742 |     api.agent
import time:     15802 |      15802 |     api.evaluation
import time:      4416 |       4416 |       services.runtime_config
import time:      6379 |      10795 |     api.settings
import time:      6109 |       6109 |     api.audit
import time:      3551 |     173946 |   api
import time:     30145 |    1037918 | app
