import time: self [us] | cumulative | imported package
import time:       233 |        233 | winreg
import time:       348 |        348 |   _io
import time:        61 |         61 |   marshal
import time:       399 |        399 |   nt
import time:      1142 |       1949 | _frozen_importlib_external
import time:      1490 |       1490 |   time
import time:       430 |       1919 | zipimport
import time:        79 |         79 |     _codecs
import time:       900 |        978 |   codecs
import time:      1301 |       1301 |   encodings.aliases
import time:      1890 |       4169 | encodings
import time:       644 |        644 | encodings.utf_8
import time:       106 |        106 |   _codecs_cn
import time:       103 |        103 |   _multibytecodec
import time:      1183 |       1391 | encodings.gbk
import time:       147 |        147 | _signal
import time:        73 |         73 |     _abc
import time:       340 |        413 |   abc
import time:       298 |        711 | io
import time:       134 |        134 |       _stat
import time:       197 |        331 |     stat
import time:      1756 |       1756 |     _collections_abc
import time:       149 |        149 |       genericpath
import time:       153 |        153 |       _winapi
import time:       422 |        723 |     ntpath
import time:      1204 |       4012 |   os
import time:       162 |        162 |   _sitebuiltins
import time:        94 |         94 |   errno
import time:       568 |        568 |   encodings.utf_8_sig
import time:      1851 |       1851 |   _virtualenv
import time:       733 |        733 |   _distutils_hack
import time:       184 |        184 |   sitecustomize
import time:      4500 |      12102 | site
import time:       611 |        611 | linecache
import time:       148 |        148 |           itertools
import time:       352 |        352 |           keyword
import time:        95 |         95 |             _operator
import time:       714 |        808 |           operator
import time:       427 |        427 |           reprlib
import time:        84 |         84 |           _collections
import time:      1062 |       2878 |         collections
import time:        67 |         67 |         _functools
import time:       784 |       3729 |       functools
import time:       521 |        521 |       types
import time:      1525 |       5774 |     enum
import time:      1924 |       1924 |     _uuid
import time:       641 |       8338 |   uuid
import time:       155 |        155 |         posix
import time:       295 |        295 |         posix
import time:       183 |        632 |       posixpath
import time:       102 |        102 |           _sre
import time:       676 |        676 |             re._constants
import time:       582 |       1258 |           re._parser
import time:       323 |        323 |           re._casefix
import time:       684 |       2365 |         re._compiler
import time:       412 |        412 |         copyreg
import time:       908 |       3684 |       re
import time:       407 |       4722 |     fnmatch
import time:        92 |         92 |     zlib
import time:       435 |        435 |       _compression
import time:       899 |        899 |       _bz2
import time:       486 |       1820 |     bz2
import time:       819 |        819 |       _lzma
import time:       475 |       1293 |     lzma
import time:       947 |       8872 |   shutil
import time:       471 |        471 |         concurrent
import time:      2393 |       2393 |               textwrap
import time:      1118 |       1118 |               warnings
import time:      1316 |       1316 |               contextlib
import time:       601 |        601 |                 __future__
import time:       710 |       1311 |               _colorize
import time:      1626 |       7761 |             traceback
import time:       791 |        791 |               _weakrefset
import time:      1170 |       1960 |             weakref
import time:        88 |         88 |               _string
import time:      1558 |       1645 |             string
import time:      1596 |       1596 |             threading
import time:       104 |        104 |             atexit
import time:      3729 |      16793 |           logging
import time:      1181 |      17974 |         concurrent.futures._base
import time:       637 |      19081 |       concurrent.futures
import time:       111 |        111 |         _heapq
import time:       814 |        924 |       heapq
import time:      5752 |       5752 |         _socket
import time:       164 |        164 |           math
import time:      1776 |       1776 |           select
import time:      1642 |       3580 |         selectors
import time:      2352 |      11683 |       socket
import time:       135 |        135 |           _locale
import time:      1954 |       2088 |         locale
import time:      1087 |       1087 |         signal
import time:       310 |        310 |         fcntl
import time:        88 |         88 |         msvcrt
import time:      1897 |       5469 |       subprocess
import time:      8414 |       8414 |         _ssl
import time:       111 |        111 |             _struct
import time:       466 |        576 |           struct
import time:        86 |         86 |           binascii
import time:       752 |       1413 |         base64
import time:      3633 |      13459 |       ssl
import time:       542 |        542 |       asyncio.constants
import time:      1999 |       1999 |             _ast
import time:      1761 |       3760 |           ast
import time:        84 |         84 |               _opcode
import time:       825 |        825 |               _opcode_metadata
import time:       791 |       1699 |             opcode
import time:      1718 |       3417 |           dis
import time:       829 |        829 |             importlib
import time:       144 |        972 |           importlib.machinery
import time:       635 |        635 |             token
import time:        79 |         79 |             _tokenize
import time:      1915 |       2628 |           tokenize
import time:        74 |         74 |             _typing
import time:      3412 |       3485 |           typing
import time:      2401 |      16661 |         inspect
import time:       352 |      17013 |       asyncio.coroutines
import time:       146 |        146 |           _contextvars
import time:       346 |        492 |         contextvars
import time:       361 |        361 |         asyncio.format_helpers
import time:       347 |        347 |           asyncio.base_futures
import time:       366 |        366 |           asyncio.exceptions
import time:       300 |        300 |           asyncio.base_tasks
import time:      1087 |       2099 |         _asyncio
import time:       732 |       3682 |       asyncio.events
import time:       422 |        422 |       asyncio.futures
import time:       376 |        376 |       asyncio.protocols
import time:       499 |        499 |         asyncio.transports
import time:       275 |        275 |         asyncio.log
import time:      1098 |       1871 |       asyncio.sslproto
import time:       283 |        283 |           asyncio.mixins
import time:       646 |        929 |         asyncio.locks
import time:       446 |        446 |           asyncio.queues
import time:       589 |        589 |           asyncio.timeouts
import time:       645 |       1680 |         asyncio.tasks
import time:       364 |       2972 |       asyncio.staggered
import time:       356 |        356 |       asyncio.trsock
import time:      1538 |      79381 |     asyncio.base_events
import time:       557 |        557 |     asyncio.runners
import time:       552 |        552 |     asyncio.streams
import time:       419 |        419 |     asyncio.subprocess
import time:       383 |        383 |     asyncio.taskgroups
import time:       271 |        271 |     asyncio.threads
import time:      1700 |       1700 |       _overlapped
import time:      2470 |       2470 |       asyncio.base_subprocess
import time:      1215 |       1215 |       asyncio.proactor_events
import time:       736 |        736 |       asyncio.selector_events
import time:       379 |        379 |       asyncio.windows_utils
import time:       984 |       7481 |     asyncio.windows_events
import time:       600 |      89642 |   asyncio
import time:      1142 |       1142 |       glob
import time:      1327 |       2469 |     pathlib._abc
import time:       192 |        192 |       pwd
import time:       129 |        129 |       grp
import time:       936 |       1256 |     pathlib._local
import time:       612 |       4336 |   pathlib
import time:       129 |        129 |     _datetime
import time:       338 |        466 |   datetime
import time:       474 |        474 |     starlette
import time:       882 |        882 |         http
import time:       650 |       1532 |       starlette.exceptions
import time:       564 |       2095 |     starlette.status
import time:       669 |        669 |         annotated_doc.main
import time:       645 |       1314 |       annotated_doc
import time:       657 |        657 |         copy
import time:       880 |        880 |           email
import time:       715 |        715 |           quopri
import time:       658 |        658 |               urllib
import time:      2404 |       2404 |               ipaddress
import time:      1990 |       5050 |             urllib.parse
import time:       707 |        707 |             email._parseaddr
import time:       903 |       6659 |           email.utils
import time:       844 |        844 |           email.errors
import time:       602 |        602 |               email.quoprimime
import time:       428 |        428 |               email.base64mime
import time:       468 |        468 |                 email.encoders
import time:       550 |       1018 |               email.charset
import time:      1250 |       3297 |             email.header
import time:       680 |       3977 |           email._policybase
import time:       867 |        867 |           email._encoded_words
import time:       717 |        717 |           email.iterators
import time:      1866 |      16523 |         email.message
import time:       136 |        136 |               _json
import time:       955 |       1091 |             json.scanner
import time:      1524 |       2615 |           json.decoder
import time:      1650 |       1650 |           json.encoder
import time:      1244 |       5508 |         json
import time:      1838 |       1838 |         dataclasses
import time:      1103 |       1103 |             anyio._core
import time:      1464 |       2566 |           anyio._core._contextmanagers
import time:      1218 |       1218 |             anyio._core._exceptions
import time:      1014 |       1014 |               sniffio._version
import time:       838 |        838 |               sniffio._impl
import time:      1085 |       2935 |             sniffio
import time:       887 |       5040 |           anyio._core._eventloop
import time:       798 |        798 |             anyio.to_thread
import time:      1403 |       1403 |               anyio.abc._eventloop
import time:       753 |        753 |               anyio.abc._resources
import time:       694 |        694 |                 anyio._core._typedattr
import time:       976 |        976 |                   anyio.abc._tasks
import time:      2677 |       3653 |                 anyio.abc._streams
import time:      1491 |       5837 |               anyio.abc._sockets
import time:       889 |        889 |               anyio.abc._subprocesses
import time:       717 |        717 |               anyio.abc._testing
import time:      2604 |       2604 |                 anyio.lowlevel
import time:      1630 |       1630 |                 anyio._core._tasks
import time:       797 |        797 |                 anyio._core._testing
import time:      5824 |      10853 |               anyio._core._synchronization
import time:      2273 |       2273 |               anyio.from_thread
import time:      1071 |      23792 |             anyio.abc
import time:      2369 |      26958 |           anyio._core._fileio
import time:       742 |        742 |           anyio._core._resources
import time:       668 |        668 |           anyio._core._signals
import time:      1222 |       1222 |               anyio.streams
import time:      3363 |       4585 |             anyio.streams.stapled
import time:      2366 |       2366 |             anyio.streams.tls
import time:      2210 |       9159 |           anyio._core._sockets
import time:      4674 |       4674 |             anyio.streams.memory
import time:       935 |       5609 |           anyio._core._streams
import time:       959 |        959 |           anyio._core._subprocesses
import time:       101 |        101 |                   _bisect
import time:       689 |        790 |                 bisect
import time:        68 |         68 |                 _random
import time:      1279 |       2135 |               random
import time:      1750 |       3884 |             tempfile
import time:      1269 |       5153 |           anyio._core._tempfile
import time:      1701 |      58551 |         anyio
import time:      4534 |       4534 |                       typing_extensions
import time:      2832 |       2832 |                       pydantic_core._pydantic_core
import time:      1172 |       1172 |                             numbers
import time:      2585 |       3757 |                           _decimal
import time:       834 |       4591 |                         decimal
import time:     20492 |      25082 |                       pydantic_core.core_schema
import time:      1900 |      34348 |                     pydantic_core
import time:       650 |      34997 |                   pydantic.version
import time:      1006 |      36002 |                 pydantic.warnings
import time:      1230 |      37232 |               pydantic._migration
import time:      1480 |       1480 |                   typing_inspection
import time:      3045 |       3045 |                   typing_inspection.typing_objects
import time:      3697 |       8221 |                 typing_inspection.introspection
import time:       667 |        667 |                 pydantic._internal
import time:      1042 |       1042 |                     pydantic._internal._namespace_utils
import time:       904 |       1945 |                   pydantic._internal._typing_extra
import time:       952 |       2897 |                 pydantic._internal._repr
import time:      1285 |      13069 |               pydantic.errors
import time:      1180 |      51481 |             pydantic
import time:       319 |        319 |                 pydantic._internal._internal_dataclass
import time:      1377 |       1695 |               pydantic.aliases
import time:      1279 |       1279 |               pydantic.config
import time:       638 |       3611 |             pydantic._internal._config
import time:      2023 |       2023 |               pydantic._internal._core_utils
import time:       438 |        438 |                 pydantic._internal._import_utils
import time:      2542 |       2980 |               pydantic._internal._utils
import time:      4033 |       9035 |             pydantic._internal._decorators
import time:       731 |        731 |                 pydantic._internal._forward_ref
import time:       683 |       1414 |               pydantic._internal._generics
import time:       442 |        442 |               pydantic._internal._docs_extraction
import time:      1033 |       2889 |             pydantic._internal._fields
import time:       847 |        847 |                 pydantic.plugin
import time:       678 |       1524 |               pydantic.plugin._schema_validator
import time:       588 |       2112 |             pydantic._internal._mock_val_ser
import time:      1696 |       1696 |                 fractions
import time:      1891 |       1891 |                     sysconfig
import time:        63 |         63 |                     _sysconfig
import time:      1909 |       3862 |                   zoneinfo._tzpath
import time:       395 |        395 |                   zoneinfo._common
import time:      1008 |       1008 |                   _zoneinfo
import time:       555 |       5819 |                 zoneinfo
import time:       420 |        420 |                 pydantic.annotated_handlers
import time:      3432 |       3432 |                 pydantic.functional_validators
import time:       560 |        560 |                   pydantic._internal._core_metadata
import time:       464 |        464 |                   pydantic._internal._schema_generation_shared
import time:      2431 |       3455 |                 pydantic.json_schema
import time:       548 |        548 |                 pydantic._internal._discriminated_union
import time:       740 |        740 |                 pydantic._internal._known_annotated_metadata
import time:       901 |        901 |                 pydantic._internal._schema_gather
import time:      1972 |      18980 |               pydantic._internal._generate_schema
import time:       461 |        461 |               pydantic._internal._signature
import time:       730 |      20171 |             pydantic._internal._model_construction
import time:      9323 |       9323 |               annotated_types
import time:       643 |        643 |               pydantic._internal._validators
import time:      7224 |       7224 |               pydantic.types
import time:      2680 |      19869 |             pydantic.fields
import time:       346 |        346 |                     importlib._abc
import time:       196 |        542 |                   importlib.util
import time:       498 |        498 |                     zipfile._path.glob
import time:       748 |       1246 |                   zipfile._path
import time:      1128 |       2915 |                 zipfile
import time:       607 |        607 |                 importlib.metadata._meta
import time:       444 |        444 |                 importlib.metadata._collections
import time:       294 |        294 |                 importlib.metadata._functools
import time:       294 |        294 |                 importlib.metadata._itertools
import time:       765 |        765 |                       importlib.resources.abc
import time:       925 |       1690 |                     importlib.resources._common
import time:       400 |        400 |                     importlib.resources._functional
import time:       339 |       2427 |                   importlib.resources
import time:       561 |       2987 |                 importlib.abc
import time:      1452 |       8991 |               importlib.metadata
import time:       532 |       9522 |             pydantic.plugin._loader
import time:     28442 |     147126 |           fastapi.exceptions
import time:       514 |        514 |             fastapi.openapi
import time:       425 |        425 |                 fastapi.types
import time:       670 |        670 |                   shlex
import time:       516 |        516 |                   starlette.concurrency
import time:       436 |        436 |                   starlette.types
import time:      2240 |       3861 |                 starlette.datastructures
import time:       681 |       4966 |               fastapi._compat.shared
import time:       397 |        397 |                 fastapi.openapi.constants
import time:      2473 |       2869 |               fastapi._compat.v2
import time:       491 |       8326 |             fastapi._compat
import time:       564 |        564 |             fastapi.logger
import time:       296 |        296 |             email_validator
import time:    120633 |     130332 |           fastapi.openapi.models
import time:       735 |        735 |           fastapi.datastructures
import time:      3397 |     281588 |         fastapi.params
import time:       635 |        635 |           fastapi.dependencies
import time:       498 |        498 |                 fastapi.security.base
import time:      3139 |       3139 |                   http.cookies
import time:      1104 |       1104 |                   starlette._utils
import time:       819 |        819 |                           python_multipart.exceptions
import time:       891 |       1710 |                         python_multipart.decoders
import time:      3779 |       5489 |                       python_multipart.multipart
import time:       859 |       6347 |                     python_multipart
import time:      2081 |       8427 |                   starlette.formparsers
import time:      1117 |      13786 |                 starlette.requests
import time:      1110 |      15393 |               fastapi.security.api_key
import time:       676 |        676 |                 fastapi.security.utils
import time:      2628 |       3303 |               fastapi.security.http
import time:      1992 |       1992 |                 fastapi.param_functions
import time:      1703 |       3695 |               fastapi.security.oauth2
import time:       629 |        629 |               fastapi.security.open_id_connect_url
import time:       653 |      23672 |             fastapi.security
import time:        52 |      23723 |           fastapi.security.base
import time:      3413 |      27769 |         fastapi.dependencies.models
import time:       450 |        450 |             starlette.background
import time:       655 |       1104 |           fastapi.background
import time:       826 |        826 |           fastapi.concurrency
import time:       509 |        509 |           fastapi.utils
import time:      3076 |       3076 |               _hashlib
import time:        85 |         85 |               _blake2
import time:       827 |       3987 |             hashlib
import time:       705 |        705 |             mimetypes
import time:       573 |        573 |               hmac
import time:       471 |       1043 |             secrets
import time:       764 |       6499 |           starlette.responses
import time:       881 |        881 |           starlette.websockets
import time:      2570 |      12386 |         fastapi.dependencies.utils
import time:       590 |        590 |             colorsys
import time:      1285 |       1875 |           pydantic.color
import time:       343 |        343 |             pydantic_extra_types
import time:        49 |        392 |           pydantic_extra_types.color
import time:      1412 |       3678 |         fastapi.encoders
import time:      2997 |       2997 |         fastapi.sse
import time:       593 |        593 |           starlette._exception_handler
import time:       807 |        807 |           starlette.convertors
import time:       799 |        799 |           starlette.middleware
import time:       906 |        906 |           starlette.middleware.body_limit
import time:      2044 |       5147 |         starlette.routing
import time:       771 |        771 |         starlette.staticfiles
import time:      8631 |     426038 |       fastapi.routing
import time:       426 |        426 |         fastapi.websockets
import time:       929 |       1355 |       fastapi.exception_handlers
import time:       411 |        411 |         fastapi.middleware
import time:       629 |       1039 |       fastapi.middleware.asyncexitstack
import time:       541 |        541 |       fastapi.openapi.docs
import time:      1115 |       1115 |             email.feedparser
import time:       454 |       1568 |           email.parser
import time:      1102 |       2670 |         http.client
import time:       820 |        820 |           orjson.orjson
import time:      1260 |       2080 |         fastapi.responses
import time:      1216 |       5965 |       fastapi.openapi.utils
import time:      1307 |       1307 |             html.entities
import time:       583 |       1889 |           html
import time:       402 |       2290 |         starlette.middleware.errors
import time:       399 |        399 |         starlette.middleware.exceptions
import time:       522 |       3211 |       starlette.applications
import time:       500 |        500 |       starlette.middleware.base
import time:      2349 |     442308 |     fastapi.applications
import time:       440 |        440 |     fastapi.requests
import time:       600 |     445916 |   fastapi
import time:       400 |        400 |     starlette.middleware.cors
import time:       376 |        775 |   fastapi.middleware.cors
import time:      1734 |       1734 |         dotenv.parser
import time:       722 |        722 |         dotenv.variables
import time:       898 |       3353 |       dotenv.main
import time:       566 |       3919 |     dotenv
import time:       573 |        573 |       pydantic_settings.exceptions
import time:      1802 |       1802 |           gettext
import time:      6216 |       8018 |         argparse
import time:      1087 |       1087 |           pydantic._internal._dataclasses
import time:      1224 |       2311 |         pydantic.dataclasses
import time:      1045 |       1045 |             pydantic_settings.utils
import time:      1044 |       1044 |             pydantic_settings.sources.types
import time:      2706 |       2706 |             pydantic_settings.sources.utils
import time:      1513 |       6306 |           pydantic_settings.sources.base
import time:       925 |        925 |                 pydantic_settings.sources.providers.env
import time:      1120 |       2045 |               pydantic_settings.sources.providers.aws
import time:       625 |        625 |                 pydantic.alias_generators
import time:       888 |       1512 |               pydantic_settings.sources.providers.azure
import time:      5842 |       5842 |               pydantic_settings.sources.providers.cli
import time:      1685 |       1685 |               pydantic_settings.sources.providers.dotenv
import time:      1307 |       1307 |               pydantic_settings.sources.providers.gcp
import time:      1116 |       1116 |               pydantic_settings.sources.providers.json
import time:       800 |        800 |                 pydantic_settings.sources.providers.toml
import time:       822 |       1621 |               pydantic_settings.sources.providers.pyproject
import time:       772 |        772 |               pydantic_settings.sources.providers.secrets
import time:       736 |        736 |               pydantic_settings.sources.providers.yaml
import time:      1073 |      17705 |             pydantic_settings.sources.providers
import time:        69 |      17773 |           pydantic_settings.sources.providers.aws
import time:      1047 |       1047 |           pydantic_settings.sources.providers.nested_secrets
import time:       862 |      25988 |         pydantic_settings.sources
import time:      2698 |      39013 |       pydantic_settings.main
import time:      1627 |       1627 |       pydantic_settings.version
import time:       658 |      41869 |     pydantic_settings
import time:      1268 |       1268 |           _compat_pickle
import time:       314 |        314 |           _pickle
import time:      2636 |       4217 |         pickle
import time:      1366 |       1366 |           _queue
import time:       947 |       2313 |         queue
import time:      2024 |       8553 |       logging.handlers
import time:       704 |        704 |             importlib.metadata._text
import time:       998 |       1702 |           importlib.metadata._adapters
import time:      4697 |       6398 |         portalocker.__about__
import time:       850 |        850 |         portalocker.constants
import time:      1103 |       1103 |           portalocker.types
import time:       855 |       1958 |         portalocker.exceptions
import time:       939 |        939 |         portalocker.portalocker
import time:      4281 |       4281 |         portalocker.utils
import time:       224 |        224 |             redis
import time:        57 |        281 |           redis.client
import time:       639 |        919 |         portalocker.redis
import time:      1197 |      16540 |       portalocker
import time:       185 |        185 |       grp
import time:       813 |        813 |       gzip
import time:      2212 |      28302 |     concurrent_log_handler
import time:     30049 |     104137 |   config
import time:       794 |        794 |     services
import time:       226 |        226 |     pywintypes
import time:     22806 |      23825 |   services.milvus_client
import time:      1220 |       1220 |         urllib3.exceptions
import time:       623 |        623 |                 urllib3.util.timeout
import time:      1538 |       2161 |               urllib3.util.connection
import time:       480 |        480 |                 urllib3.util.util
import time:       520 |        520 |                 brotlicffi
import time:       243 |        243 |                 brotli
import time:       229 |        229 |                 backports
import time:      1361 |       2831 |               urllib3.util.request
import time:       733 |        733 |               urllib3.util.response
import time:      1498 |       1498 |               urllib3.util.retry
import time:     10138 |      10138 |                 urllib3.util.url
import time:       996 |        996 |                 urllib3.util.ssltransport
import time:       962 |      12095 |               urllib3.util.ssl_
import time:       791 |        791 |               urllib3.util.wait
import time:       577 |      20683 |             urllib3.util
import time:        52 |      20734 |           urllib3.util.connection
import time:      1721 |      22455 |         urllib3._base_connection
import time:      1925 |       1925 |         urllib3._collections
import time:       811 |        811 |         urllib3._version
import time:       630 |        630 |               urllib3.fields
import time:       572 |       1201 |             urllib3.filepost
import time:       294 |        294 |               brotlicffi
import time:       198 |        198 |               brotli
import time:       673 |        673 |                 urllib3.http2
import time:      1006 |       1006 |                 urllib3.http2.probe
import time:       707 |        707 |                 urllib3.util.ssl_match_hostname
import time:      2295 |       4680 |               urllib3.connection
import time:       392 |        392 |               backports
import time:      1615 |       7177 |             urllib3.response
import time:       710 |       9088 |           urllib3._request_methods
import time:       749 |        749 |           urllib3.util.proxy
import time:       955 |      10792 |         urllib3.connectionpool
import time:      3050 |       3050 |         urllib3.poolmanager
import time:       846 |      41096 |       urllib3
import time:      2889 |       2889 |                 charset_normalizer.constant
import time:      1737 |       1737 |                   unicodedata
import time:      1125 |       2861 |                 charset_normalizer.utils
import time:      2604 |       8353 |               charset_normalizer.md
import time:      7105 |      15457 |             charset_normalizer.cd
import time:      1310 |       1310 |             charset_normalizer.models
import time:      1881 |      18648 |           charset_normalizer.api
import time:       774 |        774 |           charset_normalizer.legacy
import time:       588 |        588 |           charset_normalizer.version
import time:       311 |        311 |           simplejson
import time:       497 |        497 |                 urllib.response
import time:       600 |       1097 |               urllib.error
import time:       512 |        512 |               nturl2path
import time:      2293 |       3901 |             urllib.request
import time:      1680 |       1680 |             calendar
import time:      3387 |       8967 |           http.cookiejar
import time:      1320 |      30606 |         requests.compat
import time:      1632 |      32237 |       requests.exceptions
import time:       212 |        212 |       chardet
import time:       392 |        392 |             idna.idnadata
import time:       326 |        326 |             idna.intranges
import time:      1186 |       1903 |           idna.core
import time:       327 |        327 |           idna.package_data
import time:       533 |       2762 |         idna
import time:       666 |       3427 |       requests.packages
import time:       469 |        469 |             certifi.core
import time:       443 |        912 |           certifi
import time:       352 |       1263 |         requests.certs
import time:       315 |        315 |         requests.__version__
import time:       518 |        518 |         requests._internal_utils
import time:       528 |        528 |         requests._types
import time:       658 |        658 |         requests.cookies
import time:       495 |        495 |         requests.structures
import time:       612 |        612 |         importlib.resources._adapters
import time:       606 |        606 |             importlib.resources._itertools
import time:       875 |       1480 |           importlib.resources.readers
import time:       870 |       2350 |         importlib.readers
import time:      1283 |       8018 |       requests.utils
import time:      1759 |       1759 |             requests.auth
import time:       631 |        631 |                 stringprep
import time:       815 |       1445 |               encodings.idna
import time:       378 |        378 |               requests.hooks
import time:       698 |        698 |               requests.status_codes
import time:       893 |       3413 |             requests.models
import time:       434 |        434 |               urllib3.contrib
import time:       189 |        189 |               socks
import time:       618 |       1240 |             urllib3.contrib.socks
import time:      1839 |       8250 |           requests.adapters
import time:      2536 |      10785 |         requests.sessions
import time:       851 |      11636 |       requests.api
import time:       791 |      97414 |     requests
import time:       584 |      97998 |   services.pdf_parser
import time:       432 |        432 |         psycopg2.errors
import time:      6511 |       6942 |       psycopg2._psycopg
import time:       727 |        727 |         psycopg2._json
import time:      2047 |       2047 |         psycopg2._range
import time:       883 |       3656 |       psycopg2.extensions
import time:       717 |      11315 |     psycopg2
import time:       401 |        401 |       psycopg2._ipaddress
import time:      1579 |       1980 |     psycopg2.extras
15:51:57 - INFO - 数据库 rag_system 已存在
15:51:57 - INFO - 成功连接到数据库: rag_system
import time:    394633 |     407927 |   services.database
import time:      1887 |       1887 |       bcrypt._bcrypt
import time:      1407 |       3293 |     bcrypt
import time:      1203 |       1203 |       jose.exceptions
import time:       987 |       2190 |     jose
import time:       790 |        790 |                         cryptography.__about__
import time:       771 |       1560 |                       cryptography
import time:       939 |       2499 |                     cryptography.utils
import time:      1899 |       4398 |                   jose.utils
import time:       795 |       5192 |                 jose.backends.base
import time:       982 |        982 |                 jose.constants
import time:       993 |       7166 |               jose.backends.native
import time:       787 |        787 |                       cryptography.hazmat
import time:      1134 |       1920 |                     cryptography.hazmat.bindings
import time:      3208 |       3208 |                     _cffi_backend
import time:      7220 |      12348 |                   cryptography.hazmat.bindings._rust
import time:       990 |      13337 |                 cryptography.exceptions
import time:      1151 |       1151 |                 cryptography.hazmat.backends
import time:       743 |        743 |                 cryptography.hazmat.primitives
import time:      1714 |       1714 |                 cryptography.hazmat.primitives.hashes
import time:      1310 |       1310 |                 cryptography.hazmat.primitives.hmac
import time:      1139 |       1139 |                   cryptography.hazmat.primitives._serialization
import time:       733 |        733 |                     cryptography.hazmat.primitives.asymmetric
import time:      1414 |       2146 |                   cryptography.hazmat.primitives.asymmetric.dh
import time:       944 |        944 |                   cryptography.hazmat.primitives.serialization.base
import time:       712 |        712 |                       cryptography.hazmat.primitives.asymmetric.utils
import time:       932 |       1644 |                     cryptography.hazmat.primitives.asymmetric.dsa
import time:      1364 |       1364 |                       cryptography.hazmat._oid
import time:      1327 |       2691 |                     cryptography.hazmat.primitives.asymmetric.ec
import time:      1694 |       1694 |                     cryptography.hazmat.primitives.asymmetric.ed25519
import time:       696 |        696 |                       cryptography.hazmat.primitives._asymmetric
import time:      5849 |       5849 |                       cryptography.hazmat.primitives.asymmetric.rsa
import time:      1171 |       7715 |                     cryptography.hazmat.primitives.asymmetric.padding
import time:       853 |        853 |                       cryptography.hazmat.primitives._cipheralgorithm
import time:       679 |        679 |                               cryptography.hazmat.decrepit
import time:       994 |       1673 |                             cryptography.hazmat.decrepit.ciphers
import time:      1255 |       1255 |                             cryptography.hazmat.primitives._modes
import time:       985 |       3912 |                           cryptography.hazmat.decrepit.ciphers.modes
import time:       924 |        924 |                             cryptography.hazmat.decrepit.ciphers.algorithms
import time:       905 |       1829 |                           cryptography.hazmat.primitives.ciphers.algorithms
import time:       939 |       6679 |                         cryptography.hazmat.primitives.ciphers.modes
import time:      1669 |       8348 |                       cryptography.hazmat.primitives.ciphers.base
import time:      1033 |      10233 |                     cryptography.hazmat.primitives.ciphers
import time:      3568 |      27541 |                   cryptography.hazmat.primitives.serialization.ssh
import time:      1001 |      32770 |                 cryptography.hazmat.primitives.serialization
import time:       847 |        847 |                 cryptography.hazmat.primitives.ciphers.aead
import time:       742 |        742 |                 cryptography.hazmat.primitives.keywrap
import time:       659 |        659 |                 cryptography.hazmat.primitives.padding
import time:      1205 |       1205 |                   cryptography.x509.certificate_transparency
import time:       669 |        669 |                   cryptography.x509.oid
import time:     13205 |      13205 |                       cryptography.x509.name
import time:      1106 |      14311 |                     cryptography.x509.general_name
import time:       618 |      14928 |                   cryptography.x509.verification
import time:       944 |        944 |                     cryptography.hazmat.primitives.asymmetric.ed448
import time:      1511 |       1511 |                     cryptography.hazmat.primitives.asymmetric.mldsa
import time:       929 |        929 |                     cryptography.hazmat.primitives.asymmetric.mlkem
import time:       825 |        825 |                     cryptography.hazmat.primitives.asymmetric.x448
import time:      1138 |       1138 |                     cryptography.hazmat.primitives.asymmetric.x25519
import time:       881 |        881 |                     cryptography.hazmat.primitives.asymmetric.types
import time:       680 |        680 |                       cryptography.hazmat.primitives.constant_time
import time:      3844 |       4524 |                     cryptography.x509.extensions
import time:      1812 |      12561 |                   cryptography.x509.base
import time:       895 |      30257 |                 cryptography.x509
import time:      1916 |      85441 |               jose.backends.cryptography_backend
import time:       706 |      93312 |             jose.backends
import time:       111 |      93423 |           jose.backends.base
import time:       623 |      94045 |         jose.jwk
import time:       719 |      94763 |       jose.jws
import time:       846 |      95609 |     jose.jwt
import time:      1128 |     102218 |   services.auth
import time:      1476 |       1476 |   services.storage
import time:      4810 |       4810 |   services.bm25_client
import time:      1434 |       1434 |               pydantic.v1.typing
import time:      5416 |       6850 |             pydantic.v1.errors
import time:       419 |        419 |                 cython
import time:       995 |       1414 |               pydantic.v1.version
import time:      3553 |       4967 |             pydantic.v1.utils
import time:      1470 |      13286 |           pydantic.v1.class_validators
import time:      3122 |       3122 |           pydantic.v1.config
import time:      1398 |       1398 |               pydantic.v1.color
import time:      2709 |       2709 |                   pydantic.v1.datetime_parse
import time:      1764 |       4473 |                 pydantic.v1.validators
import time:      3122 |       7594 |               pydantic.v1.networks
import time:      2837 |       2837 |               pydantic.v1.types
import time:       985 |      12813 |             pydantic.v1.json
import time:      1234 |      14047 |           pydantic.v1.error_wrappers
import time:      1468 |       1468 |           pydantic.v1.fields
import time:       605 |        605 |             pydantic.v1.parse
import time:      1014 |       1014 |             pydantic.v1.schema
import time:      1730 |       3348 |           pydantic.v1.main
import time:      1734 |      37002 |         pydantic.v1.dataclasses
import time:       444 |        444 |         pydantic.v1.annotated_types
import time:       559 |        559 |         pydantic.v1.decorator
import time:      1093 |       1093 |         pydantic.v1.env_settings
import time:       532 |        532 |         pydantic.v1.tools
import time:      1353 |      40981 |       pydantic.v1
import time:     12103 |      53083 |     api.auth
import time:      6452 |       6452 |     api.knowledge_bases
import time:      5439 |       5439 |     api.documents
import time:      8089 |       8089 |     api.files
import time:      4809 |       4809 |       services.audit
import time:      8206 |      13014 |     api.processing
import time:      3393 |       3393 |       services.reranker
import time:      8721 |      12113 |     api.search
import time:      3432 |       3432 |     api.stats
import time:     58978 |      58978 |     api.agent
import time:     19438 |      19438 |     api.evaluation
import time:      4747 |       4747 |       services.runtime_config
import time:     11200 |      15947 |     api.settings
import time:     11193 |      11193 |     api.audit
import time:      1628 |     208802 |   api
import time:      6555 |    1516086 | app
