::1 - - [21/Aug/2026 23:36:26] "GET / HTTP/1.1" 200 -
::1 - - [21/Aug/2026 23:37:51] "GET / HTTP/1.1" 200 -
::1 - - [21/Aug/2026 23:37:51] "GET /css/tokens.css?v=20260821c3 HTTP/1.1" 200 -
::1 - - [21/Aug/2026 23:37:52] "GET /css/main.css?v=20260821c3 HTTP/1.1" 200 -
::1 - - [21/Aug/2026 23:37:52] "GET /js/api.js?v=20260821c3 HTTP/1.1" 200 -
::1 - - [21/Aug/2026 23:37:52] "GET /js/pages/documents.js?v=20260806 HTTP/1.1" 200 -
::1 - - [21/Aug/2026 23:37:52] "GET /js/pages/knowledge-bases.js?v=20260821c3 HTTP/1.1" 200 -
::1 - - [21/Aug/2026 23:37:52] "GET /js/pages/pipeline.js?v=20260806 HTTP/1.1" 200 -
::1 - - [21/Aug/2026 23:37:52] "GET /js/pages/search.js?v=20260806 HTTP/1.1" 200 -
::1 - - [21/Aug/2026 23:37:52] "GET /js/pages/agent.js?v=20260806 HTTP/1.1" 200 -
::1 - - [21/Aug/2026 23:37:52] "GET /js/pages/faq.js?v=20260820 HTTP/1.1" 200 -
::1 - - [21/Aug/2026 23:37:52] "GET /js/pages/settings.js?v=20260806 HTTP/1.1" 200 -
::1 - - [21/Aug/2026 23:37:52] "GET /js/pages/audit.js?v=20260821c3 HTTP/1.1" 200 -
::1 - - [21/Aug/2026 23:37:52] "GET /js/app.js?v=20260821c3 HTTP/1.1" 200 -
::1 - - [21/Aug/2026 23:51:07] "GET / HTTP/1.1" 200 -
::1 - - [21/Aug/2026 23:51:07] "GET /css/tokens.css?v=20260821c3 HTTP/1.1" 200 -
::1 - - [21/Aug/2026 23:51:07] "GET /css/main.css?v=20260821c3 HTTP/1.1" 200 -
::1 - - [21/Aug/2026 23:51:07] "GET /js/pages/knowledge-bases.js?v=20260821c3 HTTP/1.1" 200 -
::1 - - [21/Aug/2026 23:51:07] "GET /js/api.js?v=20260821c3 HTTP/1.1" 200 -
::1 - - [21/Aug/2026 23:51:07] "GET /js/pages/documents.js?v=20260806 HTTP/1.1" 200 -
::1 - - [21/Aug/2026 23:51:07] "GET /js/pages/pipeline.js?v=20260806 HTTP/1.1" 200 -
::1 - - [21/Aug/2026 23:51:07] "GET /js/pages/search.js?v=20260806 HTTP/1.1" 200 -
::1 - - [21/Aug/2026 23:51:07] "GET /js/pages/agent.js?v=20260806 HTTP/1.1" 200 -
::1 - - [21/Aug/2026 23:51:07] "GET /js/pages/faq.js?v=20260820 HTTP/1.1" 200 -
::1 - - [21/Aug/2026 23:51:07] "GET /js/pages/settings.js?v=20260806 HTTP/1.1" 200 -
::1 - - [21/Aug/2026 23:51:07] "GET /js/app.js?v=20260821c3 HTTP/1.1" 200 -
::1 - - [21/Aug/2026 23:51:07] "GET /js/pages/audit.js?v=20260821c3 HTTP/1.1" 200 -
::1 - - [21/Aug/2026 23:52:15] "GET / HTTP/1.1" 200 -
::1 - - [21/Aug/2026 23:52:15] "GET /css/tokens.css?v=20260821c3 HTTP/1.1" 200 -
::1 - - [21/Aug/2026 23:52:15] "GET /css/main.css?v=20260821c3 HTTP/1.1" 200 -
::1 - - [21/Aug/2026 23:52:15] "GET /js/api.js?v=20260821c3 HTTP/1.1" 200 -
::1 - - [21/Aug/2026 23:52:15] "GET /js/pages/documents.js?v=20260806 HTTP/1.1" 200 -
::1 - - [21/Aug/2026 23:52:15] "GET /js/pages/knowledge-bases.js?v=20260821c3 HTTP/1.1" 200 -
::1 - - [21/Aug/2026 23:52:15] "GET /js/pages/search.js?v=20260806 HTTP/1.1" 200 -
::1 - - [21/Aug/2026 23:52:15] "GET /js/pages/agent.js?v=20260806 HTTP/1.1" 200 -
::1 - - [21/Aug/2026 23:52:15] "GET /js/pages/pipeline.js?v=20260806 HTTP/1.1" 200 -
::1 - - [21/Aug/2026 23:52:15] "GET /js/pages/faq.js?v=20260820 HTTP/1.1" 200 -
::1 - - [21/Aug/2026 23:52:15] "GET /js/pages/settings.js?v=20260806 HTTP/1.1" 200 -
::1 - - [21/Aug/2026 23:52:15] "GET /js/pages/audit.js?v=20260821c3 HTTP/1.1" 200 -
::1 - - [21/Aug/2026 23:52:15] "GET /js/app.js?v=20260821c3 HTTP/1.1" 200 -
::1 - - [21/Aug/2026 23:58:24] "GET / HTTP/1.1" 200 -
::1 - - [21/Aug/2026 23:58:24] "GET /css/tokens.css?v=20260821c3 HTTP/1.1" 200 -
::1 - - [21/Aug/2026 23:58:24] "GET /css/main.css?v=20260821c3 HTTP/1.1" 200 -
::1 - - [21/Aug/2026 23:58:24] "GET /js/api.js?v=20260821c3 HTTP/1.1" 200 -
::1 - - [21/Aug/2026 23:58:24] "GET /js/pages/knowledge-bases.js?v=20260821c3 HTTP/1.1" 200 -
::1 - - [21/Aug/2026 23:58:24] "GET /js/pages/documents.js?v=20260806 HTTP/1.1" 200 -
::1 - - [21/Aug/2026 23:58:24] "GET /js/pages/pipeline.js?v=20260806 HTTP/1.1" 200 -
::1 - - [21/Aug/2026 23:58:25] "GET /js/pages/search.js?v=20260806 HTTP/1.1" 200 -
::1 - - [21/Aug/2026 23:58:25] "GET /js/pages/agent.js?v=20260806 HTTP/1.1" 200 -
::1 - - [21/Aug/2026 23:58:25] "GET /js/pages/faq.js?v=20260820 HTTP/1.1" 200 -
::1 - - [21/Aug/2026 23:58:25] "GET /js/pages/settings.js?v=20260806 HTTP/1.1" 200 -
::1 - - [21/Aug/2026 23:58:25] "GET /js/pages/audit.js?v=20260821c3 HTTP/1.1" 200 -
::1 - - [21/Aug/2026 23:58:25] "GET /js/app.js?v=20260821c3 HTTP/1.1" 200 -
::1 - - [21/Aug/2026 23:58:59] "GET / HTTP/1.1" 200 -
::1 - - [21/Aug/2026 23:58:59] "GET /css/tokens.css?v=20260821c3 HTTP/1.1" 200 -
::1 - - [21/Aug/2026 23:58:59] "GET /css/main.css?v=20260821c3 HTTP/1.1" 200 -
::1 - - [21/Aug/2026 23:58:59] "GET /js/api.js?v=20260821c3 HTTP/1.1" 200 -
::1 - - [21/Aug/2026 23:58:59] "GET /js/pages/knowledge-bases.js?v=20260821c3 HTTP/1.1" 200 -
::1 - - [21/Aug/2026 23:58:59] "GET /js/pages/documents.js?v=20260806 HTTP/1.1" 200 -
::1 - - [21/Aug/2026 23:58:59] "GET /js/pages/pipeline.js?v=20260806 HTTP/1.1" 200 -
::1 - - [21/Aug/2026 23:58:59] "GET /js/pages/search.js?v=20260806 HTTP/1.1" 200 -
::1 - - [21/Aug/2026 23:58:59] "GET /js/pages/agent.js?v=20260806 HTTP/1.1" 200 -
::1 - - [21/Aug/2026 23:59:00] "GET /js/pages/faq.js?v=20260820 HTTP/1.1" 200 -
::1 - - [21/Aug/2026 23:59:00] "GET /js/pages/settings.js?v=20260806 HTTP/1.1" 200 -
::1 - - [21/Aug/2026 23:59:00] "GET /js/app.js?v=20260821c3 HTTP/1.1" 200 -
::1 - - [21/Aug/2026 23:59:00] "GET /js/pages/audit.js?v=20260821c3 HTTP/1.1" 200 -
::1 - - [21/Aug/2026 23:59:31] "GET / HTTP/1.1" 200 -
::1 - - [21/Aug/2026 23:59:31] "GET /css/tokens.css?v=20260821c3 HTTP/1.1" 200 -
::1 - - [21/Aug/2026 23:59:31] "GET /css/main.css?v=20260821c3 HTTP/1.1" 200 -
::1 - - [21/Aug/2026 23:59:31] "GET /js/api.js?v=20260821c3 HTTP/1.1" 200 -
::1 - - [21/Aug/2026 23:59:31] "GET /js/pages/knowledge-bases.js?v=20260821c3 HTTP/1.1" 200 -
::1 - - [21/Aug/2026 23:59:31] "GET /js/pages/pipeline.js?v=20260806 HTTP/1.1" 200 -
::1 - - [21/Aug/2026 23:59:31] "GET /js/pages/documents.js?v=20260806 HTTP/1.1" 200 -
::1 - - [21/Aug/2026 23:59:31] "GET /js/pages/agent.js?v=20260806 HTTP/1.1" 200 -
::1 - - [21/Aug/2026 23:59:31] "GET /js/pages/search.js?v=20260806 HTTP/1.1" 200 -
::1 - - [21/Aug/2026 23:59:31] "GET /js/pages/faq.js?v=20260820 HTTP/1.1" 200 -
::1 - - [21/Aug/2026 23:59:31] "GET /js/pages/settings.js?v=20260806 HTTP/1.1" 200 -
::1 - - [21/Aug/2026 23:59:31] "GET /js/app.js?v=20260821c3 HTTP/1.1" 200 -
::1 - - [21/Aug/2026 23:59:31] "GET /js/pages/audit.js?v=20260821c3 HTTP/1.1" 200 -
::1 - - [22/Aug/2026 00:00:11] "GET / HTTP/1.1" 200 -
::1 - - [22/Aug/2026 00:00:11] "GET /css/tokens.css?v=20260821c3 HTTP/1.1" 200 -
::1 - - [22/Aug/2026 00:00:11] "GET /css/main.css?v=20260821c3 HTTP/1.1" 200 -
::1 - - [22/Aug/2026 00:00:11] "GET /js/pages/knowledge-bases.js?v=20260821c3 HTTP/1.1" 200 -
::1 - - [22/Aug/2026 00:00:11] "GET /js/api.js?v=20260821c3 HTTP/1.1" 200 -
::1 - - [22/Aug/2026 00:00:11] "GET /js/pages/documents.js?v=20260806 HTTP/1.1" 200 -
::1 - - [22/Aug/2026 00:00:11] "GET /js/pages/pipeline.js?v=20260806 HTTP/1.1" 200 -
::1 - - [22/Aug/2026 00:00:11] "GET /js/pages/search.js?v=20260806 HTTP/1.1" 200 -
::1 - - [22/Aug/2026 00:00:11] "GET /js/pages/agent.js?v=20260806 HTTP/1.1" 200 -
::1 - - [22/Aug/2026 00:00:11] "GET /js/pages/faq.js?v=20260820 HTTP/1.1" 200 -
::1 - - [22/Aug/2026 00:00:11] "GET /js/pages/settings.js?v=20260806 HTTP/1.1" 200 -
::1 - - [22/Aug/2026 00:00:11] "GET /js/app.js?v=20260821c3 HTTP/1.1" 200 -
::1 - - [22/Aug/2026 00:00:11] "GET /js/pages/audit.js?v=20260821c3 HTTP/1.1" 200 -
::1 - - [22/Aug/2026 00:01:02] "GET / HTTP/1.1" 200 -
::1 - - [22/Aug/2026 00:01:02] "GET /css/tokens.css?v=20260821c3 HTTP/1.1" 200 -
::1 - - [22/Aug/2026 00:01:02] "GET /css/main.css?v=20260821c3 HTTP/1.1" 200 -
::1 - - [22/Aug/2026 00:01:02] "GET /js/api.js?v=20260821c3 HTTP/1.1" 200 -
::1 - - [22/Aug/2026 00:01:02] "GET /js/pages/pipeline.js?v=20260806 HTTP/1.1" 200 -
::1 - - [22/Aug/2026 00:01:02] "GET /js/pages/documents.js?v=20260806 HTTP/1.1" 200 -
::1 - - [22/Aug/2026 00:01:02] "GET /js/pages/knowledge-bases.js?v=20260821c3 HTTP/1.1" 200 -
::1 - - [22/Aug/2026 00:01:02] "GET /js/pages/agent.js?v=20260806 HTTP/1.1" 200 -
::1 - - [22/Aug/2026 00:01:02] "GET /js/pages/search.js?v=20260806 HTTP/1.1" 200 -
::1 - - [22/Aug/2026 00:01:02] "GET /js/pages/faq.js?v=20260820 HTTP/1.1" 200 -
::1 - - [22/Aug/2026 00:01:02] "GET /js/pages/settings.js?v=20260806 HTTP/1.1" 200 -
::1 - - [22/Aug/2026 00:01:02] "GET /js/pages/audit.js?v=20260821c3 HTTP/1.1" 200 -
::1 - - [22/Aug/2026 00:01:02] "GET /js/app.js?v=20260821c3 HTTP/1.1" 200 -
::1 - - [22/Aug/2026 00:02:50] "GET / HTTP/1.1" 200 -
::1 - - [22/Aug/2026 00:02:50] "GET /css/tokens.css?v=20260821c3 HTTP/1.1" 200 -
::1 - - [22/Aug/2026 00:02:50] "GET /css/main.css?v=20260821c3 HTTP/1.1" 200 -
::1 - - [22/Aug/2026 00:02:50] "GET /js/api.js?v=20260821c3 HTTP/1.1" 200 -
::1 - - [22/Aug/2026 00:02:50] "GET /js/pages/pipeline.js?v=20260806 HTTP/1.1" 200 -
::1 - - [22/Aug/2026 00:02:50] "GET /js/pages/agent.js?v=20260806 HTTP/1.1" 200 -
::1 - - [22/Aug/2026 00:02:50] "GET /js/pages/documents.js?v=20260806 HTTP/1.1" 200 -
::1 - - [22/Aug/2026 00:02:50] "GET /js/pages/search.js?v=20260806 HTTP/1.1" 200 -
::1 - - [22/Aug/2026 00:02:50] "GET /js/pages/knowledge-bases.js?v=20260821c3 HTTP/1.1" 200 -
::1 - - [22/Aug/2026 00:02:50] "GET /js/pages/faq.js?v=20260820 HTTP/1.1" 200 -
::1 - - [22/Aug/2026 00:02:50] "GET /js/pages/audit.js?v=20260821c3 HTTP/1.1" 200 -
::1 - - [22/Aug/2026 00:02:50] "GET /js/app.js?v=20260821c3 HTTP/1.1" 200 -
::1 - - [22/Aug/2026 00:02:50] "GET /js/pages/settings.js?v=20260806 HTTP/1.1" 200 -
::1 - - [22/Aug/2026 00:03:05] "GET / HTTP/1.1" 304 -
::1 - - [22/Aug/2026 00:03:05] "GET /js/pages/search.js?v=20260806 HTTP/1.1" 304 -
