::1 - - [21/Aug/2026 22:56:01] "GET / HTTP/1.1" 200 -
::1 - - [21/Aug/2026 22:57:12] "GET / HTTP/1.1" 200 -
::1 - - [21/Aug/2026 22:57:12] "GET /css/tokens.css?v=20260821 HTTP/1.1" 200 -
::1 - - [21/Aug/2026 22:57:12] "GET /css/main.css?v=20260821 HTTP/1.1" 200 -
::1 - - [21/Aug/2026 22:57:12] "GET /js/pages/pipeline.js?v=20260806 HTTP/1.1" 200 -
::1 - - [21/Aug/2026 22:57:12] "GET /js/pages/knowledge-bases.js?v=20260821 HTTP/1.1" 200 -
::1 - - [21/Aug/2026 22:57:12] "GET /js/pages/documents.js?v=20260806 HTTP/1.1" 200 -
::1 - - [21/Aug/2026 22:57:12] "GET /js/api.js?v=20260821 HTTP/1.1" 200 -
::1 - - [21/Aug/2026 22:57:12] "GET /js/pages/search.js?v=20260806 HTTP/1.1" 200 -
::1 - - [21/Aug/2026 22:57:12] "GET /js/pages/agent.js?v=20260806 HTTP/1.1" 200 -
::1 - - [21/Aug/2026 22:57:12] "GET /js/pages/faq.js?v=20260820 HTTP/1.1" 200 -
::1 - - [21/Aug/2026 22:57:12] "GET /js/pages/audit.js?v=20260821 HTTP/1.1" 200 -
::1 - - [21/Aug/2026 22:57:12] "GET /js/pages/settings.js?v=20260806 HTTP/1.1" 200 -
::1 - - [21/Aug/2026 22:57:12] "GET /js/app.js?v=20260821 HTTP/1.1" 200 -
::1 - - [21/Aug/2026 22:57:33] "GET / HTTP/1.1" 200 -
::1 - - [21/Aug/2026 22:57:33] "GET /css/tokens.css?v=20260821 HTTP/1.1" 200 -
::1 - - [21/Aug/2026 22:57:33] "GET /css/main.css?v=20260821 HTTP/1.1" 200 -
::1 - - [21/Aug/2026 22:57:33] "GET /js/api.js?v=20260821 HTTP/1.1" 200 -
::1 - - [21/Aug/2026 22:57:33] "GET /js/pages/knowledge-bases.js?v=20260821 HTTP/1.1" 200 -
::1 - - [21/Aug/2026 22:57:33] "GET /js/pages/pipeline.js?v=20260806 HTTP/1.1" 200 -
::1 - - [21/Aug/2026 22:57:33] "GET /js/pages/agent.js?v=20260806 HTTP/1.1" 200 -
::1 - - [21/Aug/2026 22:57:33] "GET /js/pages/documents.js?v=20260806 HTTP/1.1" 200 -
::1 - - [21/Aug/2026 22:57:33] "GET /js/pages/search.js?v=20260806 HTTP/1.1" 200 -
::1 - - [21/Aug/2026 22:57:33] "GET /js/pages/faq.js?v=20260820 HTTP/1.1" 200 -
::1 - - [21/Aug/2026 22:57:33] "GET /js/pages/settings.js?v=20260806 HTTP/1.1" 200 -
::1 - - [21/Aug/2026 22:57:33] "GET /js/app.js?v=20260821 HTTP/1.1" 200 -
::1 - - [21/Aug/2026 22:57:33] "GET /js/pages/audit.js?v=20260821 HTTP/1.1" 200 -
::1 - - [21/Aug/2026 22:58:22] "GET / HTTP/1.1" 200 -
::1 - - [21/Aug/2026 22:58:22] "GET /css/tokens.css?v=20260821 HTTP/1.1" 200 -
::1 - - [21/Aug/2026 22:58:22] "GET /css/main.css?v=20260821 HTTP/1.1" 200 -
::1 - - [21/Aug/2026 22:58:22] "GET /js/pages/documents.js?v=20260806 HTTP/1.1" 200 -
::1 - - [21/Aug/2026 22:58:22] "GET /js/api.js?v=20260821 HTTP/1.1" 200 -
::1 - - [21/Aug/2026 22:58:22] "GET /js/pages/knowledge-bases.js?v=20260821 HTTP/1.1" 200 -
::1 - - [21/Aug/2026 22:58:22] "GET /js/pages/pipeline.js?v=20260806 HTTP/1.1" 200 -
::1 - - [21/Aug/2026 22:58:22] "GET /js/pages/search.js?v=20260806 HTTP/1.1" 200 -
::1 - - [21/Aug/2026 22:58:22] "GET /js/pages/agent.js?v=20260806 HTTP/1.1" 200 -
::1 - - [21/Aug/2026 22:58:22] "GET /js/pages/faq.js?v=20260820 HTTP/1.1" 200 -
::1 - - [21/Aug/2026 22:58:22] "GET /js/pages/settings.js?v=20260806 HTTP/1.1" 200 -
::1 - - [21/Aug/2026 22:58:22] "GET /js/pages/audit.js?v=20260821 HTTP/1.1" 200 -
::1 - - [21/Aug/2026 22:58:22] "GET /js/app.js?v=20260821 HTTP/1.1" 200 -
::1 - - [21/Aug/2026 22:58:36] "GET / HTTP/1.1" 304 -
::1 - - [21/Aug/2026 22:58:36] "GET /css/main.css?v=20260821 HTTP/1.1" 304 -
::1 - - [21/Aug/2026 23:01:13] "GET / HTTP/1.1" 200 -
::1 - - [21/Aug/2026 23:01:13] "GET /css/tokens.css?v=20260821 HTTP/1.1" 200 -
::1 - - [21/Aug/2026 23:01:13] "GET /css/main.css?v=20260821 HTTP/1.1" 200 -
::1 - - [21/Aug/2026 23:01:13] "GET /js/api.js?v=20260821 HTTP/1.1" 200 -
::1 - - [21/Aug/2026 23:01:13] "GET /js/pages/documents.js?v=20260806 HTTP/1.1" 200 -
::1 - - [21/Aug/2026 23:01:13] "GET /js/pages/knowledge-bases.js?v=20260821 HTTP/1.1" 200 -
::1 - - [21/Aug/2026 23:01:13] "GET /js/pages/search.js?v=20260806 HTTP/1.1" 200 -
::1 - - [21/Aug/2026 23:01:13] "GET /js/pages/pipeline.js?v=20260806 HTTP/1.1" 200 -
::1 - - [21/Aug/2026 23:01:13] "GET /js/pages/agent.js?v=20260806 HTTP/1.1" 200 -
::1 - - [21/Aug/2026 23:01:13] "GET /js/pages/faq.js?v=20260820 HTTP/1.1" 200 -
::1 - - [21/Aug/2026 23:01:13] "GET /js/pages/audit.js?v=20260821 HTTP/1.1" 200 -
::1 - - [21/Aug/2026 23:01:13] "GET /js/pages/settings.js?v=20260806 HTTP/1.1" 200 -
::1 - - [21/Aug/2026 23:01:13] "GET /js/app.js?v=20260821 HTTP/1.1" 200 -
::1 - - [21/Aug/2026 23:01:27] "GET / HTTP/1.1" 304 -
::1 - - [21/Aug/2026 23:01:27] "GET /js/pages/pipeline.js?v=20260806 HTTP/1.1" 304 -
::1 - - [21/Aug/2026 23:03:13] "GET / HTTP/1.1" 200 -
::1 - - [21/Aug/2026 23:03:13] "GET /css/tokens.css?v=20260821 HTTP/1.1" 200 -
::1 - - [21/Aug/2026 23:03:13] "GET /css/main.css?v=20260821 HTTP/1.1" 200 -
::1 - - [21/Aug/2026 23:03:13] "GET /js/pages/knowledge-bases.js?v=20260821 HTTP/1.1" 200 -
::1 - - [21/Aug/2026 23:03:13] "GET /js/pages/documents.js?v=20260806 HTTP/1.1" 200 -
::1 - - [21/Aug/2026 23:03:13] "GET /js/api.js?v=20260821 HTTP/1.1" 200 -
::1 - - [21/Aug/2026 23:03:13] "GET /js/pages/pipeline.js?v=20260806 HTTP/1.1" 200 -
::1 - - [21/Aug/2026 23:03:13] "GET /js/pages/search.js?v=20260806 HTTP/1.1" 200 -
::1 - - [21/Aug/2026 23:03:13] "GET /js/pages/agent.js?v=20260806 HTTP/1.1" 200 -
::1 - - [21/Aug/2026 23:03:13] "GET /js/pages/faq.js?v=20260820 HTTP/1.1" 200 -
::1 - - [21/Aug/2026 23:03:13] "GET /js/app.js?v=20260821 HTTP/1.1" 200 -
::1 - - [21/Aug/2026 23:03:13] "GET /js/pages/settings.js?v=20260806 HTTP/1.1" 200 -
::1 - - [21/Aug/2026 23:03:13] "GET /js/pages/audit.js?v=20260821 HTTP/1.1" 200 -
::1 - - [21/Aug/2026 23:03:37] "GET / HTTP/1.1" 200 -
::1 - - [21/Aug/2026 23:03:37] "GET /css/tokens.css?v=20260821 HTTP/1.1" 200 -
::1 - - [21/Aug/2026 23:03:37] "GET /css/main.css?v=20260821 HTTP/1.1" 200 -
::1 - - [21/Aug/2026 23:03:37] "GET /js/pages/documents.js?v=20260806 HTTP/1.1" 200 -
::1 - - [21/Aug/2026 23:03:37] "GET /js/api.js?v=20260821 HTTP/1.1" 200 -
::1 - - [21/Aug/2026 23:03:37] "GET /js/pages/knowledge-bases.js?v=20260821 HTTP/1.1" 200 -
::1 - - [21/Aug/2026 23:03:37] "GET /js/pages/pipeline.js?v=20260806 HTTP/1.1" 200 -
::1 - - [21/Aug/2026 23:03:37] "GET /js/pages/search.js?v=20260806 HTTP/1.1" 200 -
::1 - - [21/Aug/2026 23:03:37] "GET /js/pages/agent.js?v=20260806 HTTP/1.1" 200 -
::1 - - [21/Aug/2026 23:03:37] "GET /js/pages/faq.js?v=20260820 HTTP/1.1" 200 -
::1 - - [21/Aug/2026 23:03:37] "GET /js/pages/settings.js?v=20260806 HTTP/1.1" 200 -
::1 - - [21/Aug/2026 23:03:37] "GET /js/pages/audit.js?v=20260821 HTTP/1.1" 200 -
::1 - - [21/Aug/2026 23:03:37] "GET /js/app.js?v=20260821 HTTP/1.1" 200 -
::1 - - [21/Aug/2026 23:04:02] "GET / HTTP/1.1" 200 -
::1 - - [21/Aug/2026 23:04:02] "GET /css/tokens.css?v=20260821 HTTP/1.1" 200 -
::1 - - [21/Aug/2026 23:04:02] "GET /css/main.css?v=20260821 HTTP/1.1" 200 -
::1 - - [21/Aug/2026 23:04:02] "GET /js/api.js?v=20260821 HTTP/1.1" 200 -
::1 - - [21/Aug/2026 23:04:02] "GET /js/pages/pipeline.js?v=20260806 HTTP/1.1" 200 -
::1 - - [21/Aug/2026 23:04:02] "GET /js/pages/documents.js?v=20260806 HTTP/1.1" 200 -
::1 - - [21/Aug/2026 23:04:02] "GET /js/pages/search.js?v=20260806 HTTP/1.1" 200 -
::1 - - [21/Aug/2026 23:04:02] "GET /js/pages/knowledge-bases.js?v=20260821 HTTP/1.1" 200 -
::1 - - [21/Aug/2026 23:04:02] "GET /js/pages/agent.js?v=20260806 HTTP/1.1" 200 -
::1 - - [21/Aug/2026 23:04:02] "GET /js/pages/faq.js?v=20260820 HTTP/1.1" 200 -
::1 - - [21/Aug/2026 23:04:02] "GET /js/pages/settings.js?v=20260806 HTTP/1.1" 200 -
::1 - - [21/Aug/2026 23:04:02] "GET /js/app.js?v=20260821 HTTP/1.1" 200 -
::1 - - [21/Aug/2026 23:04:02] "GET /js/pages/audit.js?v=20260821 HTTP/1.1" 200 -
::1 - - [21/Aug/2026 23:04:30] "GET / HTTP/1.1" 200 -
::1 - - [21/Aug/2026 23:04:30] "GET /css/tokens.css?v=20260821 HTTP/1.1" 200 -
::1 - - [21/Aug/2026 23:04:30] "GET /css/main.css?v=20260821 HTTP/1.1" 200 -
::1 - - [21/Aug/2026 23:04:30] "GET /js/api.js?v=20260821 HTTP/1.1" 200 -
::1 - - [21/Aug/2026 23:04:30] "GET /js/pages/documents.js?v=20260806 HTTP/1.1" 200 -
::1 - - [21/Aug/2026 23:04:30] "GET /js/pages/search.js?v=20260806 HTTP/1.1" 200 -
::1 - - [21/Aug/2026 23:04:30] "GET /js/pages/pipeline.js?v=20260806 HTTP/1.1" 200 -
::1 - - [21/Aug/2026 23:04:30] "GET /js/pages/knowledge-bases.js?v=20260821 HTTP/1.1" 200 -
::1 - - [21/Aug/2026 23:04:30] "GET /js/pages/agent.js?v=20260806 HTTP/1.1" 200 -
::1 - - [21/Aug/2026 23:04:30] "GET /js/pages/faq.js?v=20260820 HTTP/1.1" 200 -
::1 - - [21/Aug/2026 23:04:30] "GET /js/pages/settings.js?v=20260806 HTTP/1.1" 200 -
::1 - - [21/Aug/2026 23:04:30] "GET /js/pages/audit.js?v=20260821 HTTP/1.1" 200 -
::1 - - [21/Aug/2026 23:04:30] "GET /js/app.js?v=20260821 HTTP/1.1" 200 -
::1 - - [21/Aug/2026 23:04:52] "GET / HTTP/1.1" 200 -
::1 - - [21/Aug/2026 23:04:52] "GET /css/tokens.css?v=20260821 HTTP/1.1" 200 -
::1 - - [21/Aug/2026 23:04:52] "GET /css/main.css?v=20260821 HTTP/1.1" 200 -
::1 - - [21/Aug/2026 23:04:52] "GET /js/api.js?v=20260821 HTTP/1.1" 200 -
::1 - - [21/Aug/2026 23:04:52] "GET /js/pages/knowledge-bases.js?v=20260821 HTTP/1.1" 200 -
::1 - - [21/Aug/2026 23:04:52] "GET /js/pages/search.js?v=20260806 HTTP/1.1" 200 -
::1 - - [21/Aug/2026 23:04:52] "GET /js/pages/documents.js?v=20260806 HTTP/1.1" 200 -
::1 - - [21/Aug/2026 23:04:52] "GET /js/pages/pipeline.js?v=20260806 HTTP/1.1" 200 -
::1 - - [21/Aug/2026 23:04:52] "GET /js/pages/agent.js?v=20260806 HTTP/1.1" 200 -
::1 - - [21/Aug/2026 23:04:52] "GET /js/pages/settings.js?v=20260806 HTTP/1.1" 200 -
::1 - - [21/Aug/2026 23:04:52] "GET /js/pages/audit.js?v=20260821 HTTP/1.1" 200 -
::1 - - [21/Aug/2026 23:04:52] "GET /js/pages/faq.js?v=20260820 HTTP/1.1" 200 -
::1 - - [21/Aug/2026 23:04:52] "GET /js/app.js?v=20260821 HTTP/1.1" 200 -
::1 - - [21/Aug/2026 23:05:16] "GET / HTTP/1.1" 200 -
::1 - - [21/Aug/2026 23:05:16] "GET /css/tokens.css?v=20260821 HTTP/1.1" 200 -
::1 - - [21/Aug/2026 23:05:16] "GET /css/main.css?v=20260821 HTTP/1.1" 200 -
::1 - - [21/Aug/2026 23:05:16] "GET /js/api.js?v=20260821 HTTP/1.1" 200 -
::1 - - [21/Aug/2026 23:05:16] "GET /js/pages/pipeline.js?v=20260806 HTTP/1.1" 200 -
::1 - - [21/Aug/2026 23:05:16] "GET /js/pages/search.js?v=20260806 HTTP/1.1" 200 -
::1 - - [21/Aug/2026 23:05:16] "GET /js/pages/documents.js?v=20260806 HTTP/1.1" 200 -
::1 - - [21/Aug/2026 23:05:16] "GET /js/pages/knowledge-bases.js?v=20260821 HTTP/1.1" 200 -
::1 - - [21/Aug/2026 23:05:16] "GET /js/pages/agent.js?v=20260806 HTTP/1.1" 200 -
::1 - - [21/Aug/2026 23:05:16] "GET /js/pages/faq.js?v=20260820 HTTP/1.1" 200 -
::1 - - [21/Aug/2026 23:05:16] "GET /js/pages/settings.js?v=20260806 HTTP/1.1" 200 -
::1 - - [21/Aug/2026 23:05:16] "GET /js/app.js?v=20260821 HTTP/1.1" 200 -
::1 - - [21/Aug/2026 23:05:16] "GET /js/pages/audit.js?v=20260821 HTTP/1.1" 200 -
::1 - - [21/Aug/2026 23:05:37] "GET / HTTP/1.1" 200 -
::1 - - [21/Aug/2026 23:05:37] "GET /css/tokens.css?v=20260821 HTTP/1.1" 200 -
::1 - - [21/Aug/2026 23:05:37] "GET /css/main.css?v=20260821 HTTP/1.1" 200 -
::1 - - [21/Aug/2026 23:05:37] "GET /js/pages/documents.js?v=20260806 HTTP/1.1" 200 -
::1 - - [21/Aug/2026 23:05:37] "GET /js/api.js?v=20260821 HTTP/1.1" 200 -
::1 - - [21/Aug/2026 23:05:37] "GET /js/pages/knowledge-bases.js?v=20260821 HTTP/1.1" 200 -
::1 - - [21/Aug/2026 23:05:37] "GET /js/pages/search.js?v=20260806 HTTP/1.1" 200 -
::1 - - [21/Aug/2026 23:05:37] "GET /js/pages/pipeline.js?v=20260806 HTTP/1.1" 200 -
::1 - - [21/Aug/2026 23:05:37] "GET /js/pages/agent.js?v=20260806 HTTP/1.1" 200 -
::1 - - [21/Aug/2026 23:05:37] "GET /js/pages/faq.js?v=20260820 HTTP/1.1" 200 -
::1 - - [21/Aug/2026 23:05:37] "GET /js/pages/settings.js?v=20260806 HTTP/1.1" 200 -
::1 - - [21/Aug/2026 23:05:37] "GET /js/pages/audit.js?v=20260821 HTTP/1.1" 200 -
::1 - - [21/Aug/2026 23:05:37] "GET /js/app.js?v=20260821 HTTP/1.1" 200 -
::1 - - [21/Aug/2026 23:08:08] "GET / HTTP/1.1" 200 -
::1 - - [21/Aug/2026 23:08:08] "GET /css/tokens.css?v=20260821 HTTP/1.1" 200 -
::1 - - [21/Aug/2026 23:08:08] "GET /css/main.css?v=20260821 HTTP/1.1" 200 -
::1 - - [21/Aug/2026 23:08:08] "GET /js/api.js?v=20260821 HTTP/1.1" 200 -
::1 - - [21/Aug/2026 23:08:08] "GET /js/pages/pipeline.js?v=20260806 HTTP/1.1" 200 -
::1 - - [21/Aug/2026 23:08:08] "GET /js/pages/search.js?v=20260806 HTTP/1.1" 200 -
::1 - - [21/Aug/2026 23:08:08] "GET /js/pages/agent.js?v=20260806 HTTP/1.1" 200 -
::1 - - [21/Aug/2026 23:08:08] "GET /js/pages/documents.js?v=20260806 HTTP/1.1" 200 -
::1 - - [21/Aug/2026 23:08:08] "GET /js/pages/knowledge-bases.js?v=20260821 HTTP/1.1" 200 -
::1 - - [21/Aug/2026 23:08:08] "GET /js/pages/faq.js?v=20260820 HTTP/1.1" 200 -
::1 - - [21/Aug/2026 23:08:08] "GET /js/app.js?v=20260821 HTTP/1.1" 200 -
::1 - - [21/Aug/2026 23:08:08] "GET /js/pages/settings.js?v=20260806 HTTP/1.1" 200 -
::1 - - [21/Aug/2026 23:08:08] "GET /js/pages/audit.js?v=20260821 HTTP/1.1" 200 -
::1 - - [21/Aug/2026 23:08:31] "GET / HTTP/1.1" 200 -
::1 - - [21/Aug/2026 23:08:31] "GET /css/tokens.css?v=20260821 HTTP/1.1" 200 -
::1 - - [21/Aug/2026 23:08:31] "GET /css/main.css?v=20260821 HTTP/1.1" 200 -
::1 - - [21/Aug/2026 23:08:31] "GET /js/pages/search.js?v=20260806 HTTP/1.1" 200 -
::1 - - [21/Aug/2026 23:08:31] "GET /js/api.js?v=20260821 HTTP/1.1" 200 -
::1 - - [21/Aug/2026 23:08:31] "GET /js/pages/knowledge-bases.js?v=20260821 HTTP/1.1" 200 -
::1 - - [21/Aug/2026 23:08:31] "GET /js/pages/documents.js?v=20260806 HTTP/1.1" 200 -
::1 - - [21/Aug/2026 23:08:31] "GET /js/pages/pipeline.js?v=20260806 HTTP/1.1" 200 -
::1 - - [21/Aug/2026 23:08:31] "GET /js/pages/agent.js?v=20260806 HTTP/1.1" 200 -
::1 - - [21/Aug/2026 23:08:31] "GET /js/pages/settings.js?v=20260806 HTTP/1.1" 200 -
::1 - - [21/Aug/2026 23:08:31] "GET /js/pages/audit.js?v=20260821 HTTP/1.1" 200 -
::1 - - [21/Aug/2026 23:08:31] "GET /js/pages/faq.js?v=20260820 HTTP/1.1" 200 -
::1 - - [21/Aug/2026 23:08:31] "GET /js/app.js?v=20260821 HTTP/1.1" 200 -
::1 - - [21/Aug/2026 23:10:39] "GET / HTTP/1.1" 200 -
::1 - - [21/Aug/2026 23:10:39] "GET /css/tokens.css?v=20260821 HTTP/1.1" 200 -
::1 - - [21/Aug/2026 23:10:39] "GET /css/main.css?v=20260821 HTTP/1.1" 200 -
::1 - - [21/Aug/2026 23:10:39] "GET /js/pages/knowledge-bases.js?v=20260821 HTTP/1.1" 200 -
::1 - - [21/Aug/2026 23:10:39] "GET /js/pages/documents.js?v=20260806 HTTP/1.1" 200 -
::1 - - [21/Aug/2026 23:10:39] "GET /js/api.js?v=20260821 HTTP/1.1" 200 -
::1 - - [21/Aug/2026 23:10:39] "GET /js/pages/pipeline.js?v=20260806 HTTP/1.1" 200 -
::1 - - [21/Aug/2026 23:10:39] "GET /js/pages/search.js?v=20260806 HTTP/1.1" 200 -
::1 - - [21/Aug/2026 23:10:39] "GET /js/pages/agent.js?v=20260806 HTTP/1.1" 200 -
::1 - - [21/Aug/2026 23:10:39] "GET /js/pages/faq.js?v=20260820 HTTP/1.1" 200 -
::1 - - [21/Aug/2026 23:10:39] "GET /js/pages/audit.js?v=20260821 HTTP/1.1" 200 -
::1 - - [21/Aug/2026 23:10:39] "GET /js/pages/settings.js?v=20260806 HTTP/1.1" 200 -
::1 - - [21/Aug/2026 23:10:39] "GET /js/app.js?v=20260821 HTTP/1.1" 200 -
::1 - - [21/Aug/2026 23:10:52] "GET / HTTP/1.1" 304 -
