::1 - - [22/Aug/2026 00:19:34] "GET /index.html HTTP/1.1" 200 -
::1 - - [22/Aug/2026 08:30:54] "GET /index.html HTTP/1.1" 200 -
::ffff:127.0.0.1 - - [22/Aug/2026 08:57:28] "HEAD /index.html HTTP/1.1" 200 -
::ffff:127.0.0.1 - - [22/Aug/2026 08:57:28] "HEAD /js/api.js HTTP/1.1" 200 -
::1 - - [22/Aug/2026 08:57:43] "GET / HTTP/1.1" 200 -
::1 - - [22/Aug/2026 08:57:43] "GET /css/tokens.css?v=20260822c5 HTTP/1.1" 200 -
::1 - - [22/Aug/2026 08:57:43] "GET /css/main.css?v=20260822c5 HTTP/1.1" 200 -
::1 - - [22/Aug/2026 08:57:43] "GET /js/api.js?v=20260822c5 HTTP/1.1" 200 -
::1 - - [22/Aug/2026 08:57:43] "GET /js/pages/knowledge-bases.js?v=20260822c5 HTTP/1.1" 200 -
::1 - - [22/Aug/2026 08:57:43] "GET /js/pages/documents.js?v=20260822c5 HTTP/1.1" 200 -
::1 - - [22/Aug/2026 08:57:43] "GET /js/pages/pipeline.js?v=20260822c5 HTTP/1.1" 200 -
::1 - - [22/Aug/2026 08:57:43] "GET /js/pages/search.js?v=20260822c5 HTTP/1.1" 200 -
::1 - - [22/Aug/2026 08:57:43] "GET /js/pages/agent.js?v=20260822c5 HTTP/1.1" 200 -
::1 - - [22/Aug/2026 08:57:43] "GET /js/pages/faq.js?v=20260822c5 HTTP/1.1" 200 -
::1 - - [22/Aug/2026 08:57:43] "GET /js/pages/settings.js?v=20260822c5 HTTP/1.1" 200 -
::1 - - [22/Aug/2026 08:57:43] "GET /js/pages/audit.js?v=20260822c5 HTTP/1.1" 200 -
::1 - - [22/Aug/2026 08:57:43] "GET /js/app.js?v=20260822c5 HTTP/1.1" 200 -
::1 - - [22/Aug/2026 08:57:58] "GET / HTTP/1.1" 304 -
::1 - - [22/Aug/2026 08:57:58] "GET /js/pages/settings.js?v=20260822c5 HTTP/1.1" 304 -
::1 - - [22/Aug/2026 09:01:14] "GET / HTTP/1.1" 200 -
::1 - - [22/Aug/2026 09:01:14] "GET /css/tokens.css?v=20260822c5 HTTP/1.1" 200 -
::1 - - [22/Aug/2026 09:01:14] "GET /css/main.css?v=20260822c5 HTTP/1.1" 200 -
::1 - - [22/Aug/2026 09:01:14] "GET /js/pages/knowledge-bases.js?v=20260822c5 HTTP/1.1" 200 -
::1 - - [22/Aug/2026 09:01:14] "GET /js/pages/documents.js?v=20260822c5 HTTP/1.1" 200 -
::1 - - [22/Aug/2026 09:01:14] "GET /js/api.js?v=20260822c5 HTTP/1.1" 200 -
::1 - - [22/Aug/2026 09:01:14] "GET /js/pages/pipeline.js?v=20260822c5 HTTP/1.1" 200 -
::1 - - [22/Aug/2026 09:01:14] "GET /js/pages/search.js?v=20260822c5 HTTP/1.1" 200 -
::1 - - [22/Aug/2026 09:01:14] "GET /js/pages/agent.js?v=20260822c5 HTTP/1.1" 200 -
::1 - - [22/Aug/2026 09:01:14] "GET /js/pages/faq.js?v=20260822c5 HTTP/1.1" 200 -
::1 - - [22/Aug/2026 09:01:14] "GET /js/pages/audit.js?v=20260822c5 HTTP/1.1" 200 -
::1 - - [22/Aug/2026 09:01:14] "GET /js/pages/settings.js?v=20260822c5 HTTP/1.1" 200 -
::1 - - [22/Aug/2026 09:01:14] "GET /js/app.js?v=20260822c5 HTTP/1.1" 200 -
::1 - - [22/Aug/2026 09:01:25] "GET / HTTP/1.1" 304 -
::1 - - [22/Aug/2026 09:07:50] "GET / HTTP/1.1" 200 -
::1 - - [22/Aug/2026 09:07:50] "GET /css/tokens.css?v=20260822c5 HTTP/1.1" 200 -
::1 - - [22/Aug/2026 09:07:50] "GET /css/main.css?v=20260822c5 HTTP/1.1" 200 -
::1 - - [22/Aug/2026 09:07:50] "GET /js/pages/knowledge-bases.js?v=20260822c5 HTTP/1.1" 200 -
::1 - - [22/Aug/2026 09:07:50] "GET /js/api.js?v=20260822c5 HTTP/1.1" 200 -
::1 - - [22/Aug/2026 09:07:50] "GET /js/pages/documents.js?v=20260822c5 HTTP/1.1" 200 -
::1 - - [22/Aug/2026 09:07:50] "GET /js/pages/pipeline.js?v=20260822c5 HTTP/1.1" 200 -
::1 - - [22/Aug/2026 09:07:50] "GET /js/pages/search.js?v=20260822c5 HTTP/1.1" 200 -
::1 - - [22/Aug/2026 09:07:50] "GET /js/pages/agent.js?v=20260822c5 HTTP/1.1" 200 -
::1 - - [22/Aug/2026 09:07:50] "GET /js/pages/faq.js?v=20260822c5 HTTP/1.1" 200 -
::1 - - [22/Aug/2026 09:07:50] "GET /js/pages/audit.js?v=20260822c5 HTTP/1.1" 200 -
::1 - - [22/Aug/2026 09:07:50] "GET /js/app.js?v=20260822c5 HTTP/1.1" 200 -
::1 - - [22/Aug/2026 09:07:50] "GET /js/pages/settings.js?v=20260822c5 HTTP/1.1" 200 -
::1 - - [22/Aug/2026 09:08:00] "GET / HTTP/1.1" 304 -
::1 - - [22/Aug/2026 09:11:04] "GET / HTTP/1.1" 200 -
::1 - - [22/Aug/2026 09:11:04] "GET /css/tokens.css?v=20260822c5 HTTP/1.1" 200 -
::1 - - [22/Aug/2026 09:11:04] "GET /css/main.css?v=20260822c5 HTTP/1.1" 200 -
::1 - - [22/Aug/2026 09:11:04] "GET /js/api.js?v=20260822c5 HTTP/1.1" 200 -
::1 - - [22/Aug/2026 09:11:04] "GET /js/pages/knowledge-bases.js?v=20260822c5 HTTP/1.1" 200 -
::1 - - [22/Aug/2026 09:11:04] "GET /js/pages/documents.js?v=20260822c5 HTTP/1.1" 200 -
::1 - - [22/Aug/2026 09:11:04] "GET /js/pages/search.js?v=20260822c5 HTTP/1.1" 200 -
::1 - - [22/Aug/2026 09:11:04] "GET /js/pages/pipeline.js?v=20260822c5 HTTP/1.1" 200 -
::1 - - [22/Aug/2026 09:11:04] "GET /js/pages/agent.js?v=20260822c5 HTTP/1.1" 200 -
::1 - - [22/Aug/2026 09:11:04] "GET /js/pages/faq.js?v=20260822c5 HTTP/1.1" 200 -
::1 - - [22/Aug/2026 09:11:04] "GET /js/pages/audit.js?v=20260822c5 HTTP/1.1" 200 -
::1 - - [22/Aug/2026 09:11:04] "GET /js/app.js?v=20260822c5 HTTP/1.1" 200 -
::1 - - [22/Aug/2026 09:11:04] "GET /js/pages/settings.js?v=20260822c5 HTTP/1.1" 200 -
::1 - - [22/Aug/2026 09:11:18] "GET / HTTP/1.1" 304 -
::1 - - [22/Aug/2026 09:14:54] "GET / HTTP/1.1" 200 -
::1 - - [22/Aug/2026 09:14:54] "GET /css/tokens.css?v=20260822c5 HTTP/1.1" 200 -
::1 - - [22/Aug/2026 09:14:54] "GET /css/main.css?v=20260822c5 HTTP/1.1" 200 -
::1 - - [22/Aug/2026 09:14:54] "GET /js/api.js?v=20260822c5 HTTP/1.1" 200 -
::1 - - [22/Aug/2026 09:14:54] "GET /js/pages/knowledge-bases.js?v=20260822c5 HTTP/1.1" 200 -
::1 - - [22/Aug/2026 09:14:54] "GET /js/pages/pipeline.js?v=20260822c5 HTTP/1.1" 200 -
::1 - - [22/Aug/2026 09:14:54] "GET /js/pages/documents.js?v=20260822c5 HTTP/1.1" 200 -
::1 - - [22/Aug/2026 09:14:54] "GET /js/pages/search.js?v=20260822c5 HTTP/1.1" 200 -
::1 - - [22/Aug/2026 09:14:54] "GET /js/pages/agent.js?v=20260822c5 HTTP/1.1" 200 -
::1 - - [22/Aug/2026 09:14:54] "GET /js/pages/faq.js?v=20260822c5 HTTP/1.1" 200 -
::1 - - [22/Aug/2026 09:14:54] "GET /js/pages/settings.js?v=20260822c5 HTTP/1.1" 200 -
::1 - - [22/Aug/2026 09:14:54] "GET /js/pages/audit.js?v=20260822c5 HTTP/1.1" 200 -
::1 - - [22/Aug/2026 09:14:54] "GET /js/app.js?v=20260822c5 HTTP/1.1" 200 -
::1 - - [22/Aug/2026 09:15:14] "GET / HTTP/1.1" 304 -
