::1 - - [21/Aug/2026 14:05:58] "GET / HTTP/1.1" 200 -
::1 - - [21/Aug/2026 14:09:04] "GET / HTTP/1.1" 200 -
::1 - - [21/Aug/2026 14:09:04] "GET /css/main.css?v=20260806 HTTP/1.1" 200 -
::1 - - [21/Aug/2026 14:09:04] "GET /js/pages/documents.js?v=20260806 HTTP/1.1" 200 -
::1 - - [21/Aug/2026 14:09:04] "GET /js/api.js?v=20260806 HTTP/1.1" 200 -
::1 - - [21/Aug/2026 14:09:04] "GET /js/pages/knowledge-bases.js?v=20260806 HTTP/1.1" 200 -
::1 - - [21/Aug/2026 14:09:04] "GET /js/pages/pipeline.js?v=20260806 HTTP/1.1" 200 -
::1 - - [21/Aug/2026 14:09:04] "GET /js/pages/search.js?v=20260806 HTTP/1.1" 200 -
::1 - - [21/Aug/2026 14:09:04] "GET /js/pages/agent.js?v=20260806 HTTP/1.1" 200 -
::1 - - [21/Aug/2026 14:09:04] "GET /js/pages/settings.js?v=20260806 HTTP/1.1" 200 -
::1 - - [21/Aug/2026 14:09:04] "GET /js/pages/faq.js?v=20260820 HTTP/1.1" 200 -
::1 - - [21/Aug/2026 14:09:04] "GET /js/pages/audit.js?v=20260821 HTTP/1.1" 200 -
::1 - - [21/Aug/2026 14:09:04] "GET /js/app.js?v=20260806 HTTP/1.1" 200 -
::1 - - [21/Aug/2026 14:09:12] "GET / HTTP/1.1" 304 -
::1 - - [21/Aug/2026 14:12:12] "GET / HTTP/1.1" 200 -
::1 - - [21/Aug/2026 14:12:12] "GET /css/main.css?v=20260806 HTTP/1.1" 200 -
::1 - - [21/Aug/2026 14:12:12] "GET /js/pages/knowledge-bases.js?v=20260806 HTTP/1.1" 200 -
::1 - - [21/Aug/2026 14:12:12] "GET /js/api.js?v=20260806 HTTP/1.1" 200 -
::1 - - [21/Aug/2026 14:12:12] "GET /js/pages/pipeline.js?v=20260806 HTTP/1.1" 200 -
::1 - - [21/Aug/2026 14:12:12] "GET /js/pages/agent.js?v=20260806 HTTP/1.1" 200 -
::1 - - [21/Aug/2026 14:12:12] "GET /js/pages/documents.js?v=20260806 HTTP/1.1" 200 -
::1 - - [21/Aug/2026 14:12:12] "GET /js/pages/search.js?v=20260806 HTTP/1.1" 200 -
::1 - - [21/Aug/2026 14:12:12] "GET /js/pages/faq.js?v=20260820 HTTP/1.1" 200 -
::1 - - [21/Aug/2026 14:12:12] "GET /js/pages/settings.js?v=20260806 HTTP/1.1" 200 -
::1 - - [21/Aug/2026 14:12:12] "GET /js/pages/audit.js?v=20260821 HTTP/1.1" 200 -
::1 - - [21/Aug/2026 14:12:12] "GET /js/app.js?v=20260806 HTTP/1.1" 200 -
::1 - - [21/Aug/2026 14:12:21] "GET / HTTP/1.1" 304 -
::1 - - [21/Aug/2026 14:16:44] "GET / HTTP/1.1" 200 -
::1 - - [21/Aug/2026 14:16:44] "GET /css/main.css?v=20260806 HTTP/1.1" 200 -
::1 - - [21/Aug/2026 14:16:44] "GET /js/pages/knowledge-bases.js?v=20260806 HTTP/1.1" 200 -
::1 - - [21/Aug/2026 14:16:44] "GET /js/pages/documents.js?v=20260806 HTTP/1.1" 200 -
::1 - - [21/Aug/2026 14:16:44] "GET /js/api.js?v=20260806 HTTP/1.1" 200 -
::1 - - [21/Aug/2026 14:16:44] "GET /js/pages/search.js?v=20260806 HTTP/1.1" 200 -
::1 - - [21/Aug/2026 14:16:44] "GET /js/pages/pipeline.js?v=20260806 HTTP/1.1" 200 -
::1 - - [21/Aug/2026 14:16:44] "GET /js/pages/agent.js?v=20260806 HTTP/1.1" 200 -
::1 - - [21/Aug/2026 14:16:44] "GET /js/pages/faq.js?v=20260820 HTTP/1.1" 200 -
::1 - - [21/Aug/2026 14:16:44] "GET /js/pages/settings.js?v=20260806 HTTP/1.1" 200 -
::1 - - [21/Aug/2026 14:16:44] "GET /js/pages/audit.js?v=20260821 HTTP/1.1" 200 -
::1 - - [21/Aug/2026 14:16:44] "GET /js/app.js?v=20260806 HTTP/1.1" 200 -
::1 - - [21/Aug/2026 14:16:51] "GET / HTTP/1.1" 304 -
::1 - - [21/Aug/2026 14:19:24] "GET / HTTP/1.1" 200 -
::1 - - [21/Aug/2026 14:19:24] "GET /css/main.css?v=20260806 HTTP/1.1" 200 -
::1 - - [21/Aug/2026 14:19:24] "GET /js/pages/agent.js?v=20260806 HTTP/1.1" 200 -
::1 - - [21/Aug/2026 14:19:24] "GET /js/pages/documents.js?v=20260806 HTTP/1.1" 200 -
::1 - - [21/Aug/2026 14:19:24] "GET /js/pages/knowledge-bases.js?v=20260806 HTTP/1.1" 200 -
::1 - - [21/Aug/2026 14:19:24] "GET /js/pages/pipeline.js?v=20260806 HTTP/1.1" 200 -
::1 - - [21/Aug/2026 14:19:24] "GET /js/pages/search.js?v=20260806 HTTP/1.1" 200 -
::1 - - [21/Aug/2026 14:19:24] "GET /js/api.js?v=20260806 HTTP/1.1" 200 -
::1 - - [21/Aug/2026 14:19:24] "GET /js/pages/settings.js?v=20260806 HTTP/1.1" 200 -
::1 - - [21/Aug/2026 14:19:24] "GET /js/pages/faq.js?v=20260820 HTTP/1.1" 200 -
::1 - - [21/Aug/2026 14:19:24] "GET /js/app.js?v=20260806 HTTP/1.1" 200 -
::1 - - [21/Aug/2026 14:19:24] "GET /js/pages/audit.js?v=20260821 HTTP/1.1" 200 -
::1 - - [21/Aug/2026 14:19:33] "GET / HTTP/1.1" 304 -
