[list] KB17 docs: 140
[generate] 开始对 140 docs 抽实体...
[generate] 10/140 ok=10 fail=0
[generate] 20/140 ok=20 fail=0
[generate] 30/140 ok=30 fail=0
[generate] 40/140 ok=40 fail=0
[generate] 50/140 ok=50 fail=0
[generate] 60/140 ok=60 fail=0
[generate] 70/140 ok=70 fail=0
[generate] 80/140 ok=80 fail=0
[generate] 90/140 ok=90 fail=0
[generate] 100/140 ok=100 fail=0
[generate] 110/140 ok=110 fail=0
[generate] 120/140 ok=120 fail=0
[generate] 130/140 ok=130 fail=0
[generate] 140/140 ok=140 fail=0
[generate] DONE: ok=140 fail=0
[import] 开始对 140 docs 同步 entity_vectors...
[import] 10/140 ok=10 fail=0
[import] 20/140 ok=20 fail=0
[import] 30/140 ok=30 fail=0
[import] 40/140 ok=40 fail=0
[import] 50/140 ok=50 fail=0
[import] 60/140 ok=60 fail=0
[import] 70/140 ok=70 fail=0
[import] 80/140 ok=80 fail=0
[import] 90/140 ok=90 fail=0
[import] 100/140 ok=100 fail=0
[import] 110/140 ok=110 fail=0
  [imp] 46 fail: 401 {"detail":"Could not validate credentials"}
[import] 120/140 ok=119 fail=1
  [imp] 45 fail: 401 {"detail":"Could not validate credentials"}
  [imp] 44 fail: 401 {"detail":"Could not validate credentials"}
  [imp] 43 fail: 401 {"detail":"Could not validate credentials"}
  [imp] 42 fail: 401 {"detail":"Could not validate credentials"}
[import] 130/140 ok=119 fail=11
[import] 140/140 ok=119 fail=21
[import] DONE: ok=119 fail=21
[final] KB17 PG entities=0 entity_relations=0
[ALL DONE]
