[load] 140 texts, 140 file_sources, sample text[:60]='# 查询改写 技术详解（复验文档 028）\n\n本文介绍查询改写的核心概念、架构与工程实践。复验生成文档，用于 Stage', source[0]=213
[import] posting to LightRAG /documents/texts...
[import] HTTP 200, resp[:300]={"status":"success","message":"Texts successfully received. Processing will continue in background.","track_id":"insert_20260901_174454_20147b62"}
[import] track_id=insert_20260901_174454_20147b62, resp keys=['status', 'message', 'track_id']
[0s] status=None processed=0/140 busy=None
[10s] status=None processed=0/140 busy=None
[20s] status=None processed=0/140 busy=None
[30s] status=None processed=0/140 busy=None
[40s] status=None processed=0/140 busy=None
[50s] status=None processed=0/140 busy=None
[60s] status=None processed=0/140 busy=None
[70s] status=None processed=0/140 busy=None
[80s] status=None processed=0/140 busy=None
[90s] status=None processed=0/140 busy=None
[100s] status=None processed=0/140 busy=None
[110s] status=None processed=0/140 busy=None
[120s] status=None processed=0/140 busy=None
[130s] status=None processed=0/140 busy=None
[140s] status=None processed=0/140 busy=None
[150s] status=None processed=0/140 busy=None
[160s] status=None processed=0/140 busy=None
[170s] status=None processed=0/140 busy=None
[180s] status=None processed=0/140 busy=None
[190s] status=None processed=0/140 busy=None
[200s] status=None processed=0/140 busy=None
[210s] status=None processed=0/140 busy=None
[220s] status=None processed=0/140 busy=None
[230s] status=None processed=0/140 busy=None
[240s] status=None processed=0/140 busy=None
[250s] status=None processed=0/140 busy=None
[260s] status=None processed=0/140 busy=None
[270s] status=None processed=0/140 busy=None
[280s] status=None processed=0/140 busy=None
[290s] status=None processed=0/140 busy=None
[300s] status=None processed=0/140 busy=None
[310s] status=None processed=0/140 busy=None
[320s] status=None processed=0/140 busy=None
[330s] status=None processed=0/140 busy=None
[340s] status=None processed=0/140 busy=None
[350s] status=None processed=0/140 busy=None
[360s] status=None processed=0/140 busy=None
[370s] status=None processed=0/140 busy=None
[380s] status=None processed=0/140 busy=None
[390s] status=None processed=0/140 busy=None
[400s] status=None processed=0/140 busy=None
[410s] status=None processed=0/140 busy=None
[420s] status=None processed=0/140 busy=None
[430s] status=None processed=0/140 busy=None
[440s] status=None processed=0/140 busy=None
[450s] status=None processed=0/140 busy=None
[460s] status=None processed=0/140 busy=None
[470s] status=None processed=0/140 busy=None
[480s] status=None processed=0/140 busy=None
[490s] status=None processed=0/140 busy=None
[500s] status=None processed=0/140 busy=None
[510s] status=None processed=0/140 busy=None
[520s] status=None processed=0/140 busy=None
[530s] status=None processed=0/140 busy=None
[540s] status=None processed=0/140 busy=None
[550s] status=None processed=0/140 busy=None
[560s] status=None processed=0/140 busy=None
[570s] status=None processed=0/140 busy=None
[580s] status=None processed=0/140 busy=None
[590s] status=None processed=0/140 busy=None
[600s] status=None processed=0/140 busy=None
[610s] status=None processed=0/140 busy=None
[620s] status=None processed=0/140 busy=None
[630s] status=None processed=0/140 busy=None
[640s] status=None processed=0/140 busy=None
[650s] status=None processed=0/140 busy=None
[660s] status=None processed=0/140 busy=None
[670s] status=None processed=0/140 busy=None
[680s] status=None processed=0/140 busy=None
[690s] status=None processed=0/140 busy=None
[700s] status=None processed=0/140 busy=None
[710s] status=None processed=0/140 busy=None
[720s] status=None processed=0/140 busy=None
[730s] status=None processed=0/140 busy=None
[740s] status=None processed=0/140 busy=None
[750s] status=None processed=0/140 busy=None
[760s] status=None processed=0/140 busy=None
[770s] status=None processed=0/140 busy=None
[780s] status=None processed=0/140 busy=None
[790s] status=None processed=0/140 busy=None
[800s] status=None processed=0/140 busy=None
[810s] status=None processed=0/140 busy=None
[820s] status=None processed=0/140 busy=None
[830s] status=None processed=0/140 busy=None
[840s] status=None processed=0/140 busy=None
[850s] status=None processed=0/140 busy=None
[860s] status=None processed=0/140 busy=None
[870s] status=None processed=0/140 busy=None
[880s] status=None processed=0/140 busy=None
[890s] status=None processed=0/140 busy=None
[900s] status=None processed=0/140 busy=None
[910s] status=None processed=0/140 busy=None
[920s] status=None processed=0/140 busy=None
[930s] status=None processed=0/140 busy=None
[940s] status=None processed=0/140 busy=None
[950s] status=None processed=0/140 busy=None
[960s] status=None processed=0/140 busy=None
[970s] status=None processed=0/140 busy=None
[980s] status=None processed=0/140 busy=None
[990s] status=None processed=0/140 busy=None
[1000s] status=None processed=0/140 busy=None
[1010s] status=None processed=0/140 busy=None
[1020s] status=None processed=0/140 busy=None
[1030s] status=None processed=0/140 busy=None
[1040s] status=None processed=0/140 busy=None
[1050s] status=None processed=0/140 busy=None
[1060s] status=None processed=0/140 busy=None
[1070s] status=None processed=0/140 busy=None
[1080s] status=None processed=0/140 busy=None
[1090s] status=None processed=0/140 busy=None
[1100s] status=None processed=0/140 busy=None
[1110s] status=None processed=0/140 busy=None
[1120s] status=None processed=0/140 busy=None
[1130s] status=None processed=0/140 busy=None
[1140s] status=None processed=0/140 busy=None
[1150s] status=None processed=0/140 busy=None
[1160s] status=None processed=0/140 busy=None
[1170s] status=None processed=0/140 busy=None
[1180s] status=None processed=0/140 busy=None
[1190s] status=None processed=0/140 busy=None
[1200s] status=None processed=0/140 busy=None
[1210s] status=None processed=0/140 busy=None
[1220s] status=None processed=0/140 busy=None
[1230s] status=None processed=0/140 busy=None
[1240s] status=None processed=0/140 busy=None
[1250s] status=None processed=0/140 busy=None
[1260s] status=None processed=0/140 busy=None
[1270s] status=None processed=0/140 busy=None
[1280s] status=None processed=0/140 busy=None
[1290s] status=None processed=0/140 busy=None
[1300s] status=None processed=0/140 busy=None
[1310s] status=None processed=0/140 busy=None
[1320s] status=None processed=0/140 busy=None
[1330s] status=None processed=0/140 busy=None
[1340s] status=None processed=0/140 busy=None
[1350s] status=None processed=0/140 busy=None
[1360s] status=None processed=0/140 busy=None
[1370s] status=None processed=0/140 busy=None
[1380s] status=None processed=0/140 busy=None
[1390s] status=None processed=0/140 busy=None
[1400s] status=None processed=0/140 busy=None
[1410s] status=None processed=0/140 busy=None
[1420s] status=None processed=0/140 busy=None
[1430s] status=None processed=0/140 busy=None
[1440s] status=None processed=0/140 busy=None
[1450s] status=None processed=0/140 busy=None
[1460s] status=None processed=0/140 busy=None
[1470s] status=None processed=0/140 busy=None
[1480s] status=None processed=0/140 busy=None
[1490s] status=None processed=0/140 busy=None
[1500s] status=None processed=0/140 busy=None
[1510s] status=None processed=0/140 busy=None
[1520s] status=None processed=0/140 busy=None
[1530s] status=None processed=0/140 busy=None
[1540s] status=None processed=0/140 busy=None
[1550s] status=None processed=0/140 busy=None
[1560s] status=None processed=0/140 busy=None
[1570s] status=None processed=0/140 busy=None
[1580s] status=None processed=0/140 busy=None
[1590s] status=None processed=0/140 busy=None
[1600s] status=None processed=0/140 busy=None
[1610s] status=None processed=0/140 busy=None
[1620s] status=None processed=0/140 busy=None
[1630s] status=None processed=0/140 busy=None
[1640s] status=None processed=0/140 busy=None
[1650s] status=None processed=0/140 busy=None
[1660s] status=None processed=0/140 busy=None
[1670s] status=None processed=0/140 busy=None
[1680s] status=None processed=0/140 busy=None
[1690s] status=None processed=0/140 busy=None
[1700s] status=None processed=0/140 busy=None
[1710s] status=None processed=0/140 busy=None
[1720s] status=None processed=0/140 busy=None
[1730s] status=None processed=0/140 busy=None
[1740s] status=None processed=0/140 busy=None
[1750s] status=None processed=0/140 busy=None
[1760s] status=None processed=0/140 busy=None
[1770s] status=None processed=0/140 busy=None
[1780s] status=None processed=0/140 busy=None
[1790s] status=None processed=0/140 busy=None
[1800s] status=None processed=0/140 busy=None
[1810s] status=None processed=0/140 busy=None
[1820s] status=None processed=0/140 busy=None
[1830s] status=None processed=0/140 busy=None
[1840s] status=None processed=0/140 busy=None
[1850s] status=None processed=0/140 busy=None
[1860s] status=None processed=0/140 busy=None
[1870s] status=None processed=0/140 busy=None
[1880s] status=None processed=0/140 busy=None
[1890s] status=None processed=0/140 busy=None
[1900s] status=None processed=0/140 busy=None
[1910s] status=None processed=0/140 busy=None
[1920s] status=None processed=0/140 busy=None
[1930s] status=None processed=0/140 busy=None
[1940s] status=None processed=0/140 busy=None
[1950s] status=None processed=0/140 busy=None
[1960s] status=None processed=0/140 busy=None
[1970s] status=None processed=0/140 busy=None
[1980s] status=None processed=0/140 busy=None
[1990s] status=None processed=0/140 busy=None
[2000s] status=None processed=0/140 busy=None
[2010s] status=None processed=0/140 busy=None
[2020s] status=None processed=0/140 busy=None
[2030s] status=None processed=0/140 busy=None
[2040s] status=None processed=0/140 busy=None
[2050s] status=None processed=0/140 busy=None
[2060s] status=None processed=0/140 busy=None
[2070s] status=None processed=0/140 busy=None
[2080s] status=None processed=0/140 busy=None
[2090s] status=None processed=0/140 busy=None
[2100s] status=None processed=0/140 busy=None
[2110s] status=None processed=0/140 busy=None
[2120s] status=None processed=0/140 busy=None
[2130s] status=None processed=0/140 busy=None
[2140s] status=None processed=0/140 busy=None
[2150s] status=None processed=0/140 busy=None
[2160s] status=None processed=0/140 busy=None
[2170s] status=None processed=0/140 busy=None
[2180s] status=None processed=0/140 busy=None
[2190s] status=None processed=0/140 busy=None
[2200s] status=None processed=0/140 busy=None
[2210s] status=None processed=0/140 busy=None
[2220s] status=None processed=0/140 busy=None
[2230s] status=None processed=0/140 busy=None
[2240s] status=None processed=0/140 busy=None
[2250s] status=None processed=0/140 busy=None
[2260s] status=None processed=0/140 busy=None
[2270s] status=None processed=0/140 busy=None
[2280s] status=None processed=0/140 busy=None
[2290s] status=None processed=0/140 busy=None
[2300s] status=None processed=0/140 busy=None
[2310s] status=None processed=0/140 busy=None
[2320s] status=None processed=0/140 busy=None
[2330s] status=None processed=0/140 busy=None
[2340s] status=None processed=0/140 busy=None
[2350s] status=None processed=0/140 busy=None
[2360s] status=None processed=0/140 busy=None
[2370s] status=None processed=0/140 busy=None
[2380s] status=None processed=0/140 busy=None
[2390s] status=None processed=0/140 busy=None
[2400s] status=None processed=0/140 busy=None
[2410s] status=None processed=0/140 busy=None
[2420s] status=None processed=0/140 busy=None
[2430s] status=None processed=0/140 busy=None
[2440s] status=None processed=0/140 busy=None
[2450s] status=None processed=0/140 busy=None
[2460s] status=None processed=0/140 busy=None
[2470s] status=None processed=0/140 busy=None
[2480s] status=None processed=0/140 busy=None
[2490s] status=None processed=0/140 busy=None
[2500s] status=None processed=0/140 busy=None
[2510s] status=None processed=0/140 busy=None
[2520s] status=None processed=0/140 busy=None
[2530s] status=None processed=0/140 busy=None
[2540s] status=None processed=0/140 busy=None
[2550s] status=None processed=0/140 busy=None
[2560s] status=None processed=0/140 busy=None
[2570s] status=None processed=0/140 busy=None
[2580s] status=None processed=0/140 busy=None
[2590s] status=None processed=0/140 busy=None
[2600s] status=None processed=0/140 busy=None
[2610s] status=None processed=0/140 busy=None
[2620s] status=None processed=0/140 busy=None
[2630s] status=None processed=0/140 busy=None
[2640s] status=None processed=0/140 busy=None
[2650s] status=None processed=0/140 busy=None
[2660s] status=None processed=0/140 busy=None
[2670s] status=None processed=0/140 busy=None
[2680s] status=None processed=0/140 busy=None
[2690s] status=None processed=0/140 busy=None
[2700s] status=None processed=0/140 busy=None
[2710s] status=None processed=0/140 busy=None
[2720s] status=None processed=0/140 busy=None
[2730s] status=None processed=0/140 busy=None
[2740s] status=None processed=0/140 busy=None
[2750s] status=None processed=0/140 busy=None
[2760s] status=None processed=0/140 busy=None
[2770s] status=None processed=0/140 busy=None
[2780s] status=None processed=0/140 busy=None
[2790s] status=None processed=0/140 busy=None
[2800s] status=None processed=0/140 busy=None
[2810s] status=None processed=0/140 busy=None
[2820s] status=None processed=0/140 busy=None
[2830s] status=None processed=0/140 busy=None
[2840s] status=None processed=0/140 busy=None
[2850s] status=None processed=0/140 busy=None
[2860s] status=None processed=0/140 busy=None
[2870s] status=None processed=0/140 busy=None
[2880s] status=None processed=0/140 busy=None
[2890s] status=None processed=0/140 busy=None
[2900s] status=None processed=0/140 busy=None
[2910s] status=None processed=0/140 busy=None
[2920s] status=None processed=0/140 busy=None
[2930s] status=None processed=0/140 busy=None
[2940s] status=None processed=0/140 busy=None
[2950s] status=None processed=0/140 busy=None
[2960s] status=None processed=0/140 busy=None
[2970s] status=None processed=0/140 busy=None
[2980s] status=None processed=0/140 busy=None
[2990s] status=None processed=0/140 busy=None
[3000s] status=None processed=0/140 busy=None
[3010s] status=None processed=0/140 busy=None
[3020s] status=None processed=0/140 busy=None
[3030s] status=None processed=0/140 busy=None
[3040s] status=None processed=0/140 busy=None
[3050s] status=None processed=0/140 busy=None
[3060s] status=None processed=0/140 busy=None
[3070s] status=None processed=0/140 busy=None
[3080s] status=None processed=0/140 busy=None
[3090s] status=None processed=0/140 busy=None
[3100s] status=None processed=0/140 busy=None
[3110s] status=None processed=0/140 busy=None
[3120s] status=None processed=0/140 busy=None
[3130s] status=None processed=0/140 busy=None
[3140s] status=None processed=0/140 busy=None
[3150s] status=None processed=0/140 busy=None
[3160s] status=None processed=0/140 busy=None
[3170s] status=None processed=0/140 busy=None
[3180s] status=None processed=0/140 busy=None
[3190s] status=None processed=0/140 busy=None
[3200s] status=None processed=0/140 busy=None
[3210s] status=None processed=0/140 busy=None
[3220s] status=None processed=0/140 busy=None
[3230s] status=None processed=0/140 busy=None
[3240s] status=None processed=0/140 busy=None
[3250s] status=None processed=0/140 busy=None
[3260s] status=None processed=0/140 busy=None
[3270s] status=None processed=0/140 busy=None
[3280s] status=None processed=0/140 busy=None
[3290s] status=None processed=0/140 busy=None
[3300s] status=None processed=0/140 busy=None
[3310s] status=None processed=0/140 busy=None
[3320s] status=None processed=0/140 busy=None
[3330s] status=None processed=0/140 busy=None
[3340s] status=None processed=0/140 busy=None
[3350s] status=None processed=0/140 busy=None
[3360s] status=None processed=0/140 busy=None
[3370s] status=None processed=0/140 busy=None
[3380s] status=None processed=0/140 busy=None
[3390s] status=None processed=0/140 busy=None
[3400s] status=None processed=0/140 busy=None
[3410s] status=None processed=0/140 busy=None
[3420s] status=None processed=0/140 busy=None
[3430s] status=None processed=0/140 busy=None
[3440s] status=None processed=0/140 busy=None
[3450s] status=None processed=0/140 busy=None
[3460s] status=None processed=0/140 busy=None
[3470s] status=None processed=0/140 busy=None
[3480s] status=None processed=0/140 busy=None
[3490s] status=None processed=0/140 busy=None
[3500s] status=None processed=0/140 busy=None
[3510s] status=None processed=0/140 busy=None
[3520s] status=None processed=0/140 busy=None
[3530s] status=None processed=0/140 busy=None
[3540s] status=None processed=0/140 busy=None
[3550s] status=None processed=0/140 busy=None
[3560s] status=None processed=0/140 busy=None
[3570s] status=None processed=0/140 busy=None
[3580s] status=None processed=0/140 busy=None
[3590s] status=None processed=0/140 busy=None
[INDEX] TIMEOUT 60min, check health pipeline_busy
[final] health pipeline_busy=False pipeline_active=False
