[wait] 等 import 进程 18820 结束...
[0s] gen log: [list] KB17 docs: 140 | [generate] 开始对 140 docs 抽实体... | [generate] 10/140 ok=10 fail=0
[60s] gen log: [list] KB17 docs: 140 | [generate] 开始对 140 docs 抽实体... | [generate] 10/140 ok=10 fail=0
[120s] gen log: [list] KB17 docs: 140 | [generate] 开始对 140 docs 抽实体... | [generate] 10/140 ok=10 fail=0
[180s] gen log: [list] KB17 docs: 140 | [generate] 开始对 140 docs 抽实体... | [generate] 10/140 ok=10 fail=0
[240s] gen log: [list] KB17 docs: 140 | [generate] 开始对 140 docs 抽实体... | [generate] 10/140 ok=10 fail=0
[300s] gen log: [list] KB17 docs: 140 | [generate] 开始对 140 docs 抽实体... | [generate] 10/140 ok=10 fail=0
[360s] gen log: [generate] 开始对 140 docs 抽实体... | [generate] 10/140 ok=10 fail=0 | [generate] 20/140 ok=20 fail=0
[420s] gen log: [generate] 开始对 140 docs 抽实体... | [generate] 10/140 ok=10 fail=0 | [generate] 20/140 ok=20 fail=0
[480s] gen log: [generate] 开始对 140 docs 抽实体... | [generate] 10/140 ok=10 fail=0 | [generate] 20/140 ok=20 fail=0
[540s] gen log: [generate] 开始对 140 docs 抽实体... | [generate] 10/140 ok=10 fail=0 | [generate] 20/140 ok=20 fail=0
[600s] gen log: [generate] 开始对 140 docs 抽实体... | [generate] 10/140 ok=10 fail=0 | [generate] 20/140 ok=20 fail=0
[660s] gen log: [generate] 开始对 140 docs 抽实体... | [generate] 10/140 ok=10 fail=0 | [generate] 20/140 ok=20 fail=0
[720s] gen log: [generate] 开始对 140 docs 抽实体... | [generate] 10/140 ok=10 fail=0 | [generate] 20/140 ok=20 fail=0
[780s] gen log: [generate] 开始对 140 docs 抽实体... | [generate] 10/140 ok=10 fail=0 | [generate] 20/140 ok=20 fail=0
[840s] gen log: [generate] 开始对 140 docs 抽实体... | [generate] 10/140 ok=10 fail=0 | [generate] 20/140 ok=20 fail=0
[900s] gen log: [generate] 开始对 140 docs 抽实体... | [generate] 10/140 ok=10 fail=0 | [generate] 20/140 ok=20 fail=0
[960s] gen log: [generate] 开始对 140 docs 抽实体... | [generate] 10/140 ok=10 fail=0 | [generate] 20/140 ok=20 fail=0
[1020s] gen log: [generate] 开始对 140 docs 抽实体... | [generate] 10/140 ok=10 fail=0 | [generate] 20/140 ok=20 fail=0
[1080s] gen log: [generate] 开始对 140 docs 抽实体... | [generate] 10/140 ok=10 fail=0 | [generate] 20/140 ok=20 fail=0
[1140s] gen log: [generate] 10/140 ok=10 fail=0 | [generate] 20/140 ok=20 fail=0 | [generate] 30/140 ok=30 fail=0
[1200s] gen log: [generate] 10/140 ok=10 fail=0 | [generate] 20/140 ok=20 fail=0 | [generate] 30/140 ok=30 fail=0
[1260s] gen log: [generate] 10/140 ok=10 fail=0 | [generate] 20/140 ok=20 fail=0 | [generate] 30/140 ok=30 fail=0
[1320s] gen log: [generate] 10/140 ok=10 fail=0 | [generate] 20/140 ok=20 fail=0 | [generate] 30/140 ok=30 fail=0
[1380s] gen log: [generate] 10/140 ok=10 fail=0 | [generate] 20/140 ok=20 fail=0 | [generate] 30/140 ok=30 fail=0
[1440s] gen log: [generate] 10/140 ok=10 fail=0 | [generate] 20/140 ok=20 fail=0 | [generate] 30/140 ok=30 fail=0
[1500s] gen log: [generate] 10/140 ok=10 fail=0 | [generate] 20/140 ok=20 fail=0 | [generate] 30/140 ok=30 fail=0
[1560s] gen log: [generate] 10/140 ok=10 fail=0 | [generate] 20/140 ok=20 fail=0 | [generate] 30/140 ok=30 fail=0
[1620s] gen log: [generate] 10/140 ok=10 fail=0 | [generate] 20/140 ok=20 fail=0 | [generate] 30/140 ok=30 fail=0
[1680s] gen log: [generate] 10/140 ok=10 fail=0 | [generate] 20/140 ok=20 fail=0 | [generate] 30/140 ok=30 fail=0
[1740s] gen log: [generate] 10/140 ok=10 fail=0 | [generate] 20/140 ok=20 fail=0 | [generate] 30/140 ok=30 fail=0
[1800s] gen log: [generate] 10/140 ok=10 fail=0 | [generate] 20/140 ok=20 fail=0 | [generate] 30/140 ok=30 fail=0
[1860s] gen log: [generate] 10/140 ok=10 fail=0 | [generate] 20/140 ok=20 fail=0 | [generate] 30/140 ok=30 fail=0
[1920s] gen log: [generate] 10/140 ok=10 fail=0 | [generate] 20/140 ok=20 fail=0 | [generate] 30/140 ok=30 fail=0
[1980s] gen log: [generate] 10/140 ok=10 fail=0 | [generate] 20/140 ok=20 fail=0 | [generate] 30/140 ok=30 fail=0
[2040s] gen log: [generate] 10/140 ok=10 fail=0 | [generate] 20/140 ok=20 fail=0 | [generate] 30/140 ok=30 fail=0
[2100s] gen log: [generate] 20/140 ok=20 fail=0 | [generate] 30/140 ok=30 fail=0 | [generate] 40/140 ok=40 fail=0
[2160s] gen log: [generate] 20/140 ok=20 fail=0 | [generate] 30/140 ok=30 fail=0 | [generate] 40/140 ok=40 fail=0
[2220s] gen log: [generate] 20/140 ok=20 fail=0 | [generate] 30/140 ok=30 fail=0 | [generate] 40/140 ok=40 fail=0
[2280s] gen log: [generate] 20/140 ok=20 fail=0 | [generate] 30/140 ok=30 fail=0 | [generate] 40/140 ok=40 fail=0
[2340s] gen log: [generate] 20/140 ok=20 fail=0 | [generate] 30/140 ok=30 fail=0 | [generate] 40/140 ok=40 fail=0
[2400s] gen log: [generate] 20/140 ok=20 fail=0 | [generate] 30/140 ok=30 fail=0 | [generate] 40/140 ok=40 fail=0
[2460s] gen log: [generate] 20/140 ok=20 fail=0 | [generate] 30/140 ok=30 fail=0 | [generate] 40/140 ok=40 fail=0
[2520s] gen log: [generate] 20/140 ok=20 fail=0 | [generate] 30/140 ok=30 fail=0 | [generate] 40/140 ok=40 fail=0
[2580s] gen log: [generate] 20/140 ok=20 fail=0 | [generate] 30/140 ok=30 fail=0 | [generate] 40/140 ok=40 fail=0
[2640s] gen log: [generate] 30/140 ok=30 fail=0 | [generate] 40/140 ok=40 fail=0 | [generate] 50/140 ok=50 fail=0
[2700s] gen log: [generate] 30/140 ok=30 fail=0 | [generate] 40/140 ok=40 fail=0 | [generate] 50/140 ok=50 fail=0
[2760s] gen log: [generate] 30/140 ok=30 fail=0 | [generate] 40/140 ok=40 fail=0 | [generate] 50/140 ok=50 fail=0
[2820s] gen log: [generate] 30/140 ok=30 fail=0 | [generate] 40/140 ok=40 fail=0 | [generate] 50/140 ok=50 fail=0
[2880s] gen log: [generate] 30/140 ok=30 fail=0 | [generate] 40/140 ok=40 fail=0 | [generate] 50/140 ok=50 fail=0
[2940s] gen log: [generate] 30/140 ok=30 fail=0 | [generate] 40/140 ok=40 fail=0 | [generate] 50/140 ok=50 fail=0
[3000s] gen log: [generate] 30/140 ok=30 fail=0 | [generate] 40/140 ok=40 fail=0 | [generate] 50/140 ok=50 fail=0
[3060s] gen log: [generate] 30/140 ok=30 fail=0 | [generate] 40/140 ok=40 fail=0 | [generate] 50/140 ok=50 fail=0
[3120s] gen log: [generate] 30/140 ok=30 fail=0 | [generate] 40/140 ok=40 fail=0 | [generate] 50/140 ok=50 fail=0
[3180s] gen log: [generate] 30/140 ok=30 fail=0 | [generate] 40/140 ok=40 fail=0 | [generate] 50/140 ok=50 fail=0
[3240s] gen log: [generate] 30/140 ok=30 fail=0 | [generate] 40/140 ok=40 fail=0 | [generate] 50/140 ok=50 fail=0
[3300s] gen log: [import] DONE: ok=0 fail=140 | [final] KB17 PG entities=77 entity_relations=1108 | [ALL DONE]
[3360s] gen log: [import] DONE: ok=0 fail=140 | [final] KB17 PG entities=77 entity_relations=1108 | [ALL DONE]
[3420s] gen log: [import] DONE: ok=0 fail=140 | [final] KB17 PG entities=77 entity_relations=1108 | [ALL DONE]
[3480s] gen log: [import] DONE: ok=0 fail=140 | [final] KB17 PG entities=77 entity_relations=1108 | [ALL DONE]
[3540s] gen log: [import] DONE: ok=0 fail=140 | [final] KB17 PG entities=77 entity_relations=1108 | [ALL DONE]
[wait] TIMEOUT 60min，强制跑压测
[entity] KB17 PG entities=77 entity_relations=1108
[warmup] graph_ours...
{"tag": "graph_ours", "n": 40, "conc": 10, "wall_s": 33.8, "qps": 1.19, "ok": 40, "err": 0, "p50_ms": 10689, "p95_ms": 12037, "p99_ms": 12786, "max_ms": 12951}
[warmup] hybrid_lightrag...
